21:07:00 **** Incremental Build of configuration _build_with_dbc for project lpc1758_Master_Module ****
make -j4 pre-build main-build 
sh ../pre_build.sh
Building file: ../L5_Application/periodic_scheduler/period_callbacks.cpp
 
Invoking: Cross ARM C++ Compiler
arm-none-eabi-g++ -mcpu=cortex-m3 -mthumb -Os -fmessage-length=0 -ffunction-sections -fdata-sections -Wall -Wshadow -Wlogical-op -Wfloat-equal -DBUILD_CFG_MPU=0 -I"C:\Users\Jigar\Desktop\Alpha243\Alpha_243\Source_Code\lpc1758_Master_Module" -I"C:\Users\Jigar\Desktop\Alpha243\Alpha_243\Source_Code\lpc1758_Master_Module\newlib" -I"C:\Users\Jigar\Desktop\Alpha243\Alpha_243\Source_Code\lpc1758_Master_Module\L0_LowLevel" -I"C:\Users\Jigar\Desktop\Alpha243\Alpha_243\Source_Code\lpc1758_Master_Module\L1_FreeRTOS" -I"C:\Users\Jigar\Desktop\Alpha243\Alpha_243\Source_Code\lpc1758_Master_Module\L1_FreeRTOS\include" -I"C:\Users\Jigar\Desktop\Alpha243\Alpha_243\Source_Code\lpc1758_Master_Module\L1_FreeRTOS\portable" -I"C:\Users\Jigar\Desktop\Alpha243\Alpha_243\Source_Code\lpc1758_Master_Module\L1_FreeRTOS\portable\no_mpu" -I"C:\Users\Jigar\Desktop\Alpha243\Alpha_243\Source_Code\lpc1758_Master_Module\L2_Drivers" -I"C:\Users\Jigar\Desktop\Alpha243\Alpha_243\Source_Code\lpc1758_Master_Module\L2_Drivers\base" -I"C:\Users\Jigar\Desktop\Alpha243\Alpha_243\Source_Code\lpc1758_Master_Module\L3_Utils" -I"C:\Users\Jigar\Desktop\Alpha243\Alpha_243\Source_Code\lpc1758_Master_Module\L3_Utils\tlm" -I"C:\Users\Jigar\Desktop\Alpha243\Alpha_243\Source_Code\lpc1758_Master_Module\L4_IO" -I"C:\Users\Jigar\Desktop\Alpha243\Alpha_243\Source_Code\lpc1758_Master_Module\L4_IO\fat" -I"C:\Users\Jigar\Desktop\Alpha243\Alpha_243\Source_Code\lpc1758_Master_Module\L4_IO\wireless" -I"C:\Users\Jigar\Desktop\Alpha243\Alpha_243\Source_Code\lpc1758_Master_Module\L5_Application" -std=gnu++11 -fabi-version=0 -fno-exceptions -MMD -MP -MF"L5_Application/periodic_scheduler/period_callbacks.d" -MT"L5_Application/periodic_scheduler/period_callbacks.o" -c -o "L5_Application/periodic_scheduler/period_callbacks.o" "../L5_Application/periodic_scheduler/period_callbacks.cpp"
Finished building: ../L5_Application/periodic_scheduler/period_callbacks.cpp
 
Building target: lpc1758_Master_Module.elf
Invoking: Cross ARM C++ Linker
arm-none-eabi-g++ -mcpu=cortex-m3 -mthumb -Os -fmessage-length=0 -ffunction-sections -fdata-sections -Wall -Wshadow -Wlogical-op -Wfloat-equal -T ../loader.ld -nostartfiles -Xlinker --gc-sections -Wl,-Map,"lpc1758_Master_Module.map" -specs=nano.specs -o "lpc1758_Master_Module.elf"  ./newlib/malloc_lock.o ./newlib/memory.o ./newlib/newlib_syscalls.o ./newlib/newlib_time.o  ./L5_Application/source/cmd_handlers/handlers.o ./L5_Application/source/cmd_handlers/prog_handlers.o ./L5_Application/source/cmd_handlers/wireless_handlers.o  ./L5_Application/source/high_level_init.o ./L5_Application/source/remote.o ./L5_Application/source/terminal.o  ./L5_Application/periodic_scheduler/period_callbacks.o ./L5_Application/periodic_scheduler/prd_monitor.o  ./L5_Application/examples/examples.o ./L5_Application/examples/rn_xv_task.o  ./L5_Application/main.o  ./L4_IO/wireless/src/mesh.o ./L4_IO/wireless/src/nrf24L01Plus.o ./L4_IO/wireless/src/wireless.o  ./L4_IO/src/gpio.o ./L4_IO/src/io_source.o ./L4_IO/src/storage.o  ./L4_IO/fat/option/ccsbcs.o ./L4_IO/fat/option/reentrant.o  ./L4_IO/fat/disk/diskio.o ./L4_IO/fat/disk/sd.o ./L4_IO/fat/disk/spi_flash.o  ./L4_IO/fat/fatfs_time.o ./L4_IO/fat/ff.o  ./L3_Utils/tlm/src/c_tlm_binary.o ./L3_Utils/tlm/src/c_tlm_comp.o ./L3_Utils/tlm/src/c_tlm_stream.o ./L3_Utils/tlm/src/c_tlm_var.o  ./L3_Utils/src/c_list.o ./L3_Utils/src/command_handler.o ./L3_Utils/src/file_logger.o ./L3_Utils/src/freertos_timer.o ./L3_Utils/src/printf_lib.o ./L3_Utils/src/rtc_alarm.o ./L3_Utils/src/scheduler_task.o ./L3_Utils/src/str.o ./L3_Utils/src/utilities.o  ./L2_Drivers/src/adc.o ./L2_Drivers/src/can.o ./L2_Drivers/src/eint.o ./L2_Drivers/src/i2c2.o ./L2_Drivers/src/lpc_pwm.o ./L2_Drivers/src/lpc_rit.o ./L2_Drivers/src/lpc_timers.o ./L2_Drivers/src/nrf_stream.o ./L2_Drivers/src/rtc.o ./L2_Drivers/src/spi_dma.o ./L2_Drivers/src/spi_sem.o ./L2_Drivers/src/uart0.o ./L2_Drivers/src/uart2.o ./L2_Drivers/src/uart3.o  ./L2_Drivers/base/char_dev.o ./L2_Drivers/base/i2c_base.o ./L2_Drivers/base/uart_dev.o  ./L1_FreeRTOS/trace/run_time_counter.o ./L1_FreeRTOS/trace/trcBase.o ./L1_FreeRTOS/trace/trcHardwarePort.o ./L1_FreeRTOS/trace/trcKernel.o ./L1_FreeRTOS/trace/trcKernelPort.o ./L1_FreeRTOS/trace/trcUser.o  ./L1_FreeRTOS/src/croutine.o ./L1_FreeRTOS/src/event_groups.o ./L1_FreeRTOS/src/list.o ./L1_FreeRTOS/src/queue.o ./L1_FreeRTOS/src/tasks.o ./L1_FreeRTOS/src/timers.o  ./L1_FreeRTOS/portable/no_mpu/port.o  ./L1_FreeRTOS/portable/run_time_stats.o  ./L1_FreeRTOS/hooks/hooks.o  ./L1_FreeRTOS/MemMang/freertos_mem_man.o  ./L0_LowLevel/source/core_cm3.o ./L0_LowLevel/source/low_level_init.o ./L0_LowLevel/source/lpc_peripherals.o ./L0_LowLevel/source/lpc_sys.o ./L0_LowLevel/source/startup.o ./L0_LowLevel/source/sys_clock.o ./L0_LowLevel/source/uart0_min.o   
Finished building target: lpc1758_Master_Module.elf
 
C:/Users/Jigar/Desktop/Alpha243/binutils/make --no-print-directory post-build
Create binary file
arm-none-eabi-objcopy -O binary lpc1758_Master_Module.elf lpc1758_Master_Module.bin
 
Invoking: Cross ARM GNU Print Size
Invoking: Cross ARM GNU Create Flash Image
Invoking: Cross ARM GNU Create Listing
arm-none-eabi-size --format=berkeley "lpc1758_Master_Module.elf"
arm-none-eabi-objcopy -O ihex "lpc1758_Master_Module.elf"  "lpc1758_Master_Module.hex"
arm-none-eabi-objdump --source --all-headers --demangle --line-numbers --wide "lpc1758_Master_Module.elf" > "lpc1758_Master_Module.lst"
Finished building: lpc1758_Master_Module.hex
 
   text	   data	    bss	    dec	    hex	filename
  91288	    756	   1240	  93284	  16c64	lpc1758_Master_Module.elf
Finished building: lpc1758_Master_Module.siz
 
Finished building: lpc1758_Master_Module.lst
 
