Archive member included to satisfy reference by file (symbol)

c:/sjsu_dev/toolchain/bin/../lib/gcc/arm-none-eabi/5.4.1/../../../../arm-none-eabi/lib/armv7-m\libstdc++_nano.a(si_class_type_info.o)
                              ./L5_Application/source/remote.o (vtable for __cxxabiv1::__si_class_type_info)
c:/sjsu_dev/toolchain/bin/../lib/gcc/arm-none-eabi/5.4.1/../../../../arm-none-eabi/lib/armv7-m\libstdc++_nano.a(vmi_class_type_info.o)
                              ./L2_Drivers/src/nrf_stream.o (vtable for __cxxabiv1::__vmi_class_type_info)
c:/sjsu_dev/toolchain/bin/../lib/gcc/arm-none-eabi/5.4.1/../../../../arm-none-eabi/lib/armv7-m\libstdc++_nano.a(tinfo.o)
                              c:/sjsu_dev/toolchain/bin/../lib/gcc/arm-none-eabi/5.4.1/../../../../arm-none-eabi/lib/armv7-m\libstdc++_nano.a(si_class_type_info.o) (std::type_info::__is_function_p() const)
c:/sjsu_dev/toolchain/bin/../lib/gcc/arm-none-eabi/5.4.1/../../../../arm-none-eabi/lib/armv7-m\libstdc++_nano.a(class_type_info.o)
                              c:/sjsu_dev/toolchain/bin/../lib/gcc/arm-none-eabi/5.4.1/../../../../arm-none-eabi/lib/armv7-m\libstdc++_nano.a(si_class_type_info.o) (__cxxabiv1::__class_type_info::__do_upcast(__cxxabiv1::__class_type_info const*, void**) const)
c:/sjsu_dev/toolchain/bin/../lib/gcc/arm-none-eabi/5.4.1/../../../../arm-none-eabi/lib/armv7-m\libstdc++_nano.a(guard.o)
                              ./L5_Application/source/cmd_handlers/handlers.o (__cxa_guard_acquire)
c:/sjsu_dev/toolchain/bin/../lib/gcc/arm-none-eabi/5.4.1/../../../../arm-none-eabi/lib/armv7-m\libstdc++_nano.a(pure.o)
                              ./L3_Utils/src/scheduler_task.o (__cxa_pure_virtual)
c:/sjsu_dev/toolchain/bin/../lib/gcc/arm-none-eabi/5.4.1/../../../../arm-none-eabi/lib/armv7-m\libstdc++_nano.a(eh_terminate.o)
                              c:/sjsu_dev/toolchain/bin/../lib/gcc/arm-none-eabi/5.4.1/../../../../arm-none-eabi/lib/armv7-m\libstdc++_nano.a(pure.o) (std::terminate())
c:/sjsu_dev/toolchain/bin/../lib/gcc/arm-none-eabi/5.4.1/../../../../arm-none-eabi/lib/armv7-m\libstdc++_nano.a(eh_term_handler.o)
                              c:/sjsu_dev/toolchain/bin/../lib/gcc/arm-none-eabi/5.4.1/../../../../arm-none-eabi/lib/armv7-m\libstdc++_nano.a(eh_terminate.o) (__cxxabiv1::__terminate_handler)
c:/sjsu_dev/toolchain/bin/../lib/gcc/arm-none-eabi/5.4.1/../../../../arm-none-eabi/lib/armv7-m\libstdc++_nano.a(eh_unex_handler.o)
                              c:/sjsu_dev/toolchain/bin/../lib/gcc/arm-none-eabi/5.4.1/../../../../arm-none-eabi/lib/armv7-m\libstdc++_nano.a(eh_terminate.o) (__cxxabiv1::__unexpected_handler)
c:/sjsu_dev/toolchain/bin/../lib/gcc/arm-none-eabi/5.4.1/armv7-m\libgcc.a(_ashldi3.o)
                              ./L0_LowLevel/source/lpc_peripherals.o (__aeabi_llsl)
c:/sjsu_dev/toolchain/bin/../lib/gcc/arm-none-eabi/5.4.1/armv7-m\libgcc.a(_arm_addsubdf3.o)
                              ./L2_Drivers/base/uart_dev.o (__aeabi_dadd)
c:/sjsu_dev/toolchain/bin/../lib/gcc/arm-none-eabi/5.4.1/armv7-m\libgcc.a(_arm_fixunsdfsi.o)
                              ./L2_Drivers/base/uart_dev.o (__aeabi_d2uiz)
c:/sjsu_dev/toolchain/bin/../lib/gcc/arm-none-eabi/5.4.1/armv7-m\libgcc.a(_arm_truncdfsf2.o)
                              ./L3_Utils/src/str.o (__aeabi_d2f)
c:/sjsu_dev/toolchain/bin/../lib/gcc/arm-none-eabi/5.4.1/armv7-m\libgcc.a(_arm_addsubsf3.o)
                              ./L5_Application/source/cmd_handlers/handlers.o (__aeabi_fsub)
c:/sjsu_dev/toolchain/bin/../lib/gcc/arm-none-eabi/5.4.1/armv7-m\libgcc.a(_arm_muldivsf3.o)
                              ./L5_Application/source/cmd_handlers/handlers.o (__aeabi_fmul)
c:/sjsu_dev/toolchain/bin/../lib/gcc/arm-none-eabi/5.4.1/armv7-m\libgcc.a(_arm_cmpsf2.o)
                              ./L3_Utils/src/str.o (__aeabi_fcmplt)
c:/sjsu_dev/toolchain/bin/../lib/gcc/arm-none-eabi/5.4.1/armv7-m\libgcc.a(_arm_fixsfsi.o)
                              ./L5_Application/source/cmd_handlers/handlers.o (__aeabi_f2iz)
c:/sjsu_dev/toolchain/bin/../lib/gcc/arm-none-eabi/5.4.1/armv7-m\libgcc.a(_arm_fixunssfsi.o)
                              ./L5_Application/source/high_level_init.o (__aeabi_f2uiz)
c:/sjsu_dev/toolchain/bin/../lib/gcc/arm-none-eabi/5.4.1/armv7-m\libgcc.a(_aeabi_uldivmod.o)
                              ./L5_Application/source/cmd_handlers/handlers.o (__aeabi_uldivmod)
c:/sjsu_dev/toolchain/bin/../lib/gcc/arm-none-eabi/5.4.1/armv7-m\libgcc.a(_udivmoddi4.o)
                              c:/sjsu_dev/toolchain/bin/../lib/gcc/arm-none-eabi/5.4.1/armv7-m\libgcc.a(_aeabi_uldivmod.o) (__udivmoddi4)
c:/sjsu_dev/toolchain/bin/../lib/gcc/arm-none-eabi/5.4.1/armv7-m\libgcc.a(_dvmd_tls.o)
                              c:/sjsu_dev/toolchain/bin/../lib/gcc/arm-none-eabi/5.4.1/armv7-m\libgcc.a(_aeabi_uldivmod.o) (__aeabi_ldiv0)
c:/sjsu_dev/toolchain/bin/../lib/gcc/arm-none-eabi/5.4.1/../../../../arm-none-eabi/lib/armv7-m\libc_nano.a(lib_a-abort.o)
[...]
Memory Configuration

Name             Origin             Length             Attributes
FLASH            0x00010000         0x00070000         xr
SRAM             0x10000000         0x00008000         xrw
SRAM_AHB         0x2007c000         0x00008000         xrw
*default*        0x00000000         0xffffffff

Linker script and memory map

LOAD ./newlib/malloc_lock.o
LOAD ./newlib/memory.o
LOAD ./newlib/newlib_syscalls.o
LOAD ./newlib/newlib_time.o
LOAD ./L5_Application/source/cmd_handlers/handlers.o
LOAD ./L5_Application/source/cmd_handlers/prog_handlers.o
LOAD ./L5_Application/source/cmd_handlers/wireless_handlers.o
LOAD ./L5_Application/source/high_level_init.o
LOAD ./L5_Application/source/remote.o
LOAD ./L5_Application/source/terminal.o
LOAD ./L5_Application/periodic_scheduler/period_callbacks.o
LOAD ./L5_Application/periodic_scheduler/prd_monitor.o
LOAD ./L5_Application/examples/examples.o
LOAD ./L5_Application/examples/rn_xv_task.o
LOAD ./L5_Application/main.o
LOAD ./L4_IO/wireless/src/mesh.o
LOAD ./L4_IO/wireless/src/nrf24L01Plus.o
LOAD ./L4_IO/wireless/src/wireless.o
LOAD ./L4_IO/src/gpio.o
LOAD ./L4_IO/src/io_source.o
LOAD ./L4_IO/src/storage.o
LOAD ./L4_IO/fat/option/ccsbcs.o
LOAD ./L4_IO/fat/option/reentrant.o
LOAD ./L4_IO/fat/disk/diskio.o
LOAD ./L4_IO/fat/disk/sd.o
LOAD ./L4_IO/fat/disk/spi_flash.o
LOAD ./L4_IO/fat/fatfs_time.o
LOAD ./L4_IO/fat/ff.o
LOAD ./L3_Utils/tlm/src/c_tlm_binary.o
LOAD ./L3_Utils/tlm/src/c_tlm_comp.o
LOAD ./L3_Utils/tlm/src/c_tlm_stream.o
LOAD ./L3_Utils/tlm/src/c_tlm_var.o
LOAD ./L3_Utils/src/c_list.o
LOAD ./L3_Utils/src/command_handler.o
LOAD ./L3_Utils/src/file_logger.o
LOAD ./L3_Utils/src/freertos_timer.o
LOAD ./L3_Utils/src/printf_lib.o
LOAD ./L3_Utils/src/rtc_alarm.o
LOAD ./L3_Utils/src/scheduler_task.o
LOAD ./L3_Utils/src/str.o
LOAD ./L3_Utils/src/utilities.o
LOAD ./L2_Drivers/src/adc.o
LOAD ./L2_Drivers/src/can.o
LOAD ./L2_Drivers/src/eint.o
LOAD ./L2_Drivers/src/i2c2.o
LOAD ./L2_Drivers/src/lpc_pwm.o
LOAD ./L2_Drivers/src/lpc_rit.o
LOAD ./L2_Drivers/src/lpc_timers.o
LOAD ./L2_Drivers/src/nrf_stream.o
LOAD ./L2_Drivers/src/rtc.o
LOAD ./L2_Drivers/src/spi_dma.o
LOAD ./L2_Drivers/src/spi_sem.o
LOAD ./L2_Drivers/src/uart0.o
LOAD ./L2_Drivers/src/uart2.o
LOAD ./L2_Drivers/src/uart3.o
LOAD ./L2_Drivers/base/char_dev.o
LOAD ./L2_Drivers/base/i2c_base.o
LOAD ./L2_Drivers/base/uart_dev.o
LOAD ./L1_FreeRTOS/trace/run_time_counter.o
LOAD ./L1_FreeRTOS/trace/trcBase.o
LOAD ./L1_FreeRTOS/trace/trcHardwarePort.o
LOAD ./L1_FreeRTOS/trace/trcKernel.o
LOAD ./L1_FreeRTOS/trace/trcKernelPort.o
LOAD ./L1_FreeRTOS/trace/trcUser.o
LOAD ./L1_FreeRTOS/src/croutine.o
LOAD ./L1_FreeRTOS/src/event_groups.o
LOAD ./L1_FreeRTOS/src/list.o
LOAD ./L1_FreeRTOS/src/queue.o
LOAD ./L1_FreeRTOS/src/tasks.o
LOAD ./L1_FreeRTOS/src/timers.o
LOAD ./L1_FreeRTOS/portable/no_mpu/port.o
LOAD ./L1_FreeRTOS/portable/run_time_stats.o
LOAD ./L1_FreeRTOS/hooks/hooks.o
LOAD ./L1_FreeRTOS/MemMang/freertos_mem_man.o
LOAD ./L0_LowLevel/source/core_cm3.o
LOAD ./L0_LowLevel/source/low_level_init.o
LOAD ./L0_LowLevel/source/lpc_peripherals.o
LOAD ./L0_LowLevel/source/lpc_sys.o
LOAD ./L0_LowLevel/source/startup.o
LOAD ./L0_LowLevel/source/sys_clock.o
LOAD ./L0_LowLevel/source/uart0_min.o
LOAD c:/sjsu_dev/toolchain/bin/../lib/gcc/arm-none-eabi/5.4.1/../../../../arm-none-eabi/lib/armv7-m\libstdc++_nano.a
LOAD c:/sjsu_dev/toolchain/bin/../lib/gcc/arm-none-eabi/5.4.1/../../../../arm-none-eabi/lib/armv7-m\libm.a
START GROUP
LOAD c:/sjsu_dev/toolchain/bin/../lib/gcc/arm-none-eabi/5.4.1/armv7-m\libgcc.a
LOAD c:/sjsu_dev/toolchain/bin/../lib/gcc/arm-none-eabi/5.4.1/../../../../arm-none-eabi/lib/armv7-m\libc_nano.a
END GROUP
START GROUP
LOAD c:/sjsu_dev/toolchain/bin/../lib/gcc/arm-none-eabi/5.4.1/armv7-m\libgcc.a
LOAD c:/sjsu_dev/toolchain/bin/../lib/gcc/arm-none-eabi/5.4.1/../../../../arm-none-eabi/lib/armv7-m\libc_nano.a
END GROUP

.text           0x00010000    0x160d4
 FILL mask 0xff
 *(.isr_vector)
 .isr_vector    0x00010000       0xcc ./L0_LowLevel/source/startup.o
                0x00010000                g_pfnVectors
                0x000100cc                . = ALIGN (0x4)
                0x000100cc                __section_table_start = .
                0x000100cc                __data_section_table = .
                0x000100cc        0x4 LONG 0x260dc LOADADDR (.data)
                0x000100d0        0x4 LONG 0x2007c000 ADDR (.data)
                0x000100d4        0x4 LONG 0x2f4 SIZEOF (.data)
                0x000100d8                __data_section_table_end = .
                0x000100d8                __bss_section_table = .
                0x000100d8        0x4 LONG 0x2007c2f8 ADDR (.bss)
                0x000100dc        0x4 LONG 0x4d8 SIZEOF (.bss)
                0x000100e0                __bss_section_table_end = .
                0x000100e0                __section_table_end = .
 *(.after_vectors*)
 .after_vectors
                0x000100e0      0x124 ./L0_LowLevel/source/startup.o
                0x000100e0                isr_hard_fault
                0x000100fa                isr_nmi
                0x00010108                isr_mem_fault
                0x00010118                isr_bus_fault
                0x00010128                isr_usage_fault
                0x00010138                isr_debug_mon
                0x00010148                TIMER3_IRQHandler
                0x00010148                UART1_IRQHandler
                0x00010148                EINT2_IRQHandler
                0x00010148                USBAct_IRQHandler
                0x00010148                PLL0_IRQHandler
                0x00010148                I2C1_IRQHandler
                0x00010148                PLL1_IRQHandler
                0x00010148                SSP0_IRQHandler
                0x00010148                CANAct_IRQHandler
                0x00010148                I2S_IRQHandler
                0x00010148                PWM1_IRQHandler
                0x00010148                SPI_IRQHandler
                0x00010148                TIMER2_IRQHandler
                0x00010148                EINT1_IRQHandler
                0x00010148                isr_default_handler
                0x00010148                SSP1_IRQHandler
                0x00010148                ENET_IRQHandler
                0x00010148                USB_IRQHandler
                0x00010148                BOD_IRQHandler
                0x00010148                MCPWM_IRQHandler
                0x00010148                WDT_IRQHandler
                0x00010148                I2C0_IRQHandler
                0x00010148                QEI_IRQHandler
                0x00010148                EINT0_IRQHandler
                0x00010148                DMA_IRQHandler
                0x00010148                TIMER0_IRQHandler
                0x00010158                isr_sys_tick
                0x0001016a                data_init(unsigned int, unsigned int, unsigned int)
                0x00010180                bss_init(unsigned int, unsigned int)
                0x00010194                isr_reset
 *(.text*)
 .text.__malloc_lock
                0x00010204        0x4 ./newlib/malloc_lock.o
                0x00010204                __malloc_lock
 .text.__malloc_unlock
                0x00010208        0x4 ./newlib/malloc_lock.o
                0x00010208                __malloc_unlock
 .text._sbrk    0x0001020c       0x74 ./newlib/memory.o
                0x0001020c                _sbrk
 .text._Znwj    0x00010280        0x4 ./newlib/memory.o
                0x00010280                operator new(unsigned int)
 .text._ZdlPv   0x00010284        0x4 ./newlib/memory.o
                0x00010284                operator delete(void*)
 .text._ZdaPv   0x00010288        0x4 ./newlib/memory.o
                0x00010288                operator delete[](void*)
 .text.sys_get_mem_info
                0x0001028c       0xb8 ./newlib/memory.o
                0x0001028c                sys_get_mem_info
 .text.startup._GLOBAL__sub_I__sbrk
                0x00010344       0x20 ./newlib/memory.o
 .text.sys_set_outchar_func
                0x00010364        0xc ./newlib/newlib_syscalls.o
                0x00010364                sys_set_outchar_func
 .text.sys_set_inchar_func
                0x00010370        0xc ./newlib/newlib_syscalls.o
                0x00010370                sys_set_inchar_func
 .text._kill    0x0001037c       0x10 ./newlib/newlib_syscalls.o
                0x0001037c                _kill
 .text._exit    0x0001038c       0x10 ./newlib/newlib_syscalls.o
                0x0001038c                _exit
 .text._getpid  0x0001039c        0x4 ./newlib/newlib_syscalls.o
                0x0001039c                _getpid
 .text._init    0x000103a0        0x4 ./newlib/newlib_syscalls.o
                0x000103a0                _init
 .text._write   0x000103a4       0x28 ./newlib/newlib_syscalls.o
                0x000103a4                _write
 .text._read    0x000103cc       0x2c ./newlib/newlib_syscalls.o
                0x000103cc                _read
 .text.syscalls_init
                0x000103f8        0x2 ./newlib/newlib_syscalls.o
                0x000103f8                syscalls_init
 .text._fstat   0x000103fa        0x4 ./newlib/newlib_syscalls.o
                0x000103fa                _fstat
 *fill*         0x000103fe        0x2 ff
 .text._isatty  0x00010400       0x24 ./newlib/newlib_syscalls.o
                0x00010400                _isatty
 .text._lseek   0x00010424        0x4 ./newlib/newlib_syscalls.o
                0x00010424                _lseek
 .text._close   0x00010428        0x4 ./newlib/newlib_syscalls.o
                0x00010428                _close
 .text._gettimeofday
                0x0001042c       0x7a ./newlib/newlib_time.o
                0x0001042c                _gettimeofday
 *fill*         0x000104a6        0x2 ff
 .text._ZN7Storage13getFlashDriveEv
                0x000104a8       0x48 ./L5_Application/source/cmd_handlers/handlers.o
                0x000104a8                Storage::getFlashDrive()
 .text._ZN7Storage10getSDDriveEv
                0x000104f0       0x48 ./L5_Application/source/cmd_handlers/handlers.o
                0x000104f0                Storage::getSDDrive()
 .text._Z15taskListHandlerR3strR7CharDevPv
                0x00010538       0xe8 ./L5_Application/source/cmd_handlers/handlers.o
                0x00010538                taskListHandler(str&, CharDev&, void*)
 .text._Z14memInfoHandlerR3strR7CharDevPv
                0x00010620       0x22 ./L5_Application/source/cmd_handlers/handlers.o
                0x00010620                memInfoHandler(str&, CharDev&, void*)
 *fill*         0x00010642        0x2 ff
 .text._Z11timeHandlerR3strR7CharDevPv
                0x00010644       0xc4 ./L5_Application/source/cmd_handlers/handlers.o
                0x00010644                timeHandler(str&, CharDev&, void*)
 .text._Z10logHandlerR3strR7CharDevPv
                0x00010708      0x190 ./L5_Application/source/cmd_handlers/handlers.o
                0x00010708                logHandler(str&, CharDev&, void*)
 .text._Z9cpHandlerR3strR7CharDevPv
                0x00010898       0x80 ./L5_Application/source/cmd_handlers/handlers.o
                0x00010898                cpHandler(str&, CharDev&, void*)
 .text._Z10catHandlerR3strR7CharDevPv
                0x00010918      0x104 ./L5_Application/source/cmd_handlers/handlers.o
                0x00010918                catHandler(str&, CharDev&, void*)
 .text._Z9lsHandlerR3strR7CharDevPv
                0x00010a1c      0x178 ./L5_Application/source/cmd_handlers/handlers.o
                0x00010a1c                lsHandler(str&, CharDev&, void*)
 .text._Z12mkdirHandlerR3strR7CharDevPv
                0x00010b94       0x3c ./L5_Application/source/cmd_handlers/handlers.o
                0x00010b94                mkdirHandler(str&, CharDev&, void*)
 .text._Z9rmHandlerR3strR7CharDevPv
                0x00010bd0       0x3c ./L5_Application/source/cmd_handlers/handlers.o
                0x00010bd0                rmHandler(str&, CharDev&, void*)
 .text._Z9mvHandlerR3strR7CharDevPv
                0x00010c0c       0x5c ./L5_Application/source/cmd_handlers/handlers.o
                0x00010c0c                mvHandler(str&, CharDev&, void*)
 .text._Z14newFileHandlerR3strR7CharDevPv
                0x00010c68       0xb0 ./L5_Application/source/cmd_handlers/handlers.o
                0x00010c68                newFileHandler(str&, CharDev&, void*)
 .text._Z10dcpHandlerR3strR7CharDevPv
                0x00010d18      0x140 ./L5_Application/source/cmd_handlers/handlers.o
                0x00010d18                dcpHandler(str&, CharDev&, void*)
 .text._Z14storageHandlerR3strR7CharDevPv
                0x00010e58       0xc0 ./L5_Application/source/cmd_handlers/handlers.o
                0x00010e58                storageHandler(str&, CharDev&, void*)
 .text._Z13rebootHandlerR3strR7CharDevPv
                0x00010f18       0x30 ./L5_Application/source/cmd_handlers/handlers.o
                0x00010f18                rebootHandler(str&, CharDev&, void*)
 .text._Z14learnIrHandlerR3strR7CharDevPv
                0x00010f48       0x38 ./L5_Application/source/cmd_handlers/handlers.o
                0x00010f48                learnIrHandler(str&, CharDev&, void*)
 .text._ZN17SingletonTemplateI4I2C2E11getInstanceEv
                0x00010f80       0x20 ./L5_Application/source/cmd_handlers/handlers.o
                0x00010f80                SingletonTemplate<I2C2>::getInstance()
 .text._Z13healthHandlerR3strR7CharDevPv
                0x00010fa0      0x1a4 ./L5_Application/source/cmd_handlers/handlers.o
                0x00010fa0                healthHandler(str&, CharDev&, void*)
 .text._Z12i2cIoHandlerR3strR7CharDevPv
                0x00011144      0x198 ./L5_Application/source/cmd_handlers/handlers.o
                0x00011144                i2cIoHandler(str&, CharDev&, void*)
 .text._Z16flashProgHandlerR3strR7CharDevPv
                0x000112dc       0xb4 ./L5_Application/source/cmd_handlers/prog_handlers.o
                0x000112dc                flashProgHandler(str&, CharDev&, void*)
 .text._Z14getFileHandlerR3strR7CharDevPv
                0x00011390      0x134 ./L5_Application/source/cmd_handlers/prog_handlers.o
                0x00011390                getFileHandler(str&, CharDev&, void*)
 .text._ZL13wsAddrHandlerR3strR7CharDevPv
                0x000114c4       0x34 ./L5_Application/source/cmd_handlers/wireless_handlers.o
 .text._ZL25wirelessHandlerPrintStatsR7CharDevP12mesh_stats_th.constprop.4
                0x000114f8       0x3c ./L5_Application/source/cmd_handlers/wireless_handlers.o
 .text._ZL11wsTxHandlerR3strR7CharDevPv
                0x00011534      0x114 ./L5_Application/source/cmd_handlers/wireless_handlers.o
 .text._ZL14wsStatsHandlerR3strR7CharDevPv
                0x00011648       0x1e ./L5_Application/source/cmd_handlers/wireless_handlers.o
 *fill*         0x00011666        0x2 ff
 .text._ZL11wsRxHandlerR3strR7CharDevPv
                0x00011668       0x80 ./L5_Application/source/cmd_handlers/wireless_handlers.o
 .text._Z12wsRteHandlerR3strR7CharDevPv
                0x000116e8       0x74 ./L5_Application/source/cmd_handlers/wireless_handlers.o
                0x000116e8                wsRteHandler(str&, CharDev&, void*)
 .text._Z15wirelessHandlerR3strR7CharDevPv
                0x0001175c      0x160 ./L5_Application/source/cmd_handlers/wireless_handlers.o
                0x0001175c                wirelessHandler(str&, CharDev&, void*)
 .text._ZN17SingletonTemplateI12NordicStreamE11getInstanceEv
                0x000118bc       0x20 ./L5_Application/source/cmd_handlers/wireless_handlers.o
                0x000118bc                SingletonTemplate<NordicStream>::getInstance()
 .text._ZL15wsFileTxHandlerR3strR7CharDevPv
                0x000118dc      0x22c ./L5_Application/source/cmd_handlers/wireless_handlers.o
 .text._ZL15wsStreamHandlerR3strR7CharDevPv
                0x00011b08      0x120 ./L5_Application/source/cmd_handlers/wireless_handlers.o
 .text._ZL13hl_print_linev
                0x00011c28        0xc ./L5_Application/source/high_level_init.o
 .text.ssp_set_max_clock
                0x00011c34       0x2c ./L5_Application/source/high_level_init.o
 .text._ZL16hl_mount_storageR16FileSystemObjectPKc
                0x00011c60       0x94 ./L5_Application/source/high_level_init.o
 .text._ZN17SingletonTemplateI11LED_DisplayE11getInstanceEv
                0x00011cf4       0x24 ./L5_Application/source/high_level_init.o
                0x00011cf4                SingletonTemplate<LED_Display>::getInstance()
 .text._ZN17SingletonTemplateI3LEDE11getInstanceEv
                0x00011d18       0x1c ./L5_Application/source/high_level_init.o
                0x00011d18                SingletonTemplate<LED>::getInstance()
 .text._ZN17SingletonTemplateI17TemperatureSensorE11getInstanceEv
                0x00011d34       0x28 ./L5_Application/source/high_level_init.o
                0x00011d34                SingletonTemplate<TemperatureSensor>::getInstance()
 .text._ZN17SingletonTemplateI12Light_SensorE11getInstanceEv
                0x00011d5c       0x18 ./L5_Application/source/high_level_init.o
                0x00011d5c                SingletonTemplate<Light_Sensor>::getInstance()
 .text._ZN17SingletonTemplateI8SwitchesE11getInstanceEv
                0x00011d74       0x18 ./L5_Application/source/high_level_init.o
                0x00011d74                SingletonTemplate<Switches>::getInstance()
 .text._Z15high_level_initv
                0x00011d8c      0x548 ./L5_Application/source/high_level_init.o
                0x00011d8c                high_level_init()
 .text._ZN14scheduler_task4initEv
                0x000122d4        0x4 ./L5_Application/source/remote.o
                0x000122d4                scheduler_task::init()
 .text._ZN14scheduler_task6regTlmEv
                0x000122d8        0x4 ./L5_Application/source/remote.o
                0x000122d8                scheduler_task::regTlm()
 .text._ZN14scheduler_task9taskEntryEv
                0x000122dc        0x4 ./L5_Application/source/remote.o
                0x000122dc                scheduler_task::taskEntry()
 .text._ZN17SingletonTemplateI9IR_SensorE11getInstanceEv
                0x000122e0       0x18 ./L5_Application/source/remote.o
                0x000122e0                SingletonTemplate<IR_Sensor>::getInstance()
 .text._ZN12terminalTask6regTlmEv
                0x000122f8        0x4 ./L5_Application/source/terminal.o
                0x000122f8                terminalTask::regTlm()
 .text._ZN12terminalTaskD2Ev
                0x000122fc       0x48 ./L5_Application/source/terminal.o
                0x000122fc                terminalTask::~terminalTask()
                0x000122fc                terminalTask::~terminalTask()
 .text._ZN12terminalTaskD0Ev
                0x00012344       0x12 ./L5_Application/source/terminal.o
                0x00012344                terminalTask::~terminalTask()
 .text._ZN6VECTORIN12terminalTask9cmdChan_tEE14changeCapacityEj.part.4
                0x00012356       0x40 ./L5_Application/source/terminal.o
 *fill*         0x00012396        0x2 ff
 .text._ZN12terminalTaskC2Eh
                0x00012398       0xb0 ./L5_Application/source/terminal.o
                0x00012398                terminalTask::terminalTask(unsigned char)
                0x00012398                terminalTask::terminalTask(unsigned char)
 .text._ZN12terminalTask22handleEchoAndBackspaceEPNS_9cmdChan_tEc
                0x00012448       0x74 ./L5_Application/source/terminal.o
                0x00012448                terminalTask::handleEchoAndBackspace(terminalTask::cmdChan_t*, char)
 .text._ZN12terminalTask17addCommandChannelEP7CharDevb
                0x000124bc       0x40 ./L5_Application/source/terminal.o
                0x000124bc                terminalTask::addCommandChannel(CharDev*, bool)
 .text._ZN12terminalTask10getCommandEv
                0x000124fc      0x124 ./L5_Application/source/terminal.o
                0x000124fc                terminalTask::getCommand()
 .text._ZN12terminalTask3runEPv
                0x00012620       0x98 ./L5_Application/source/terminal.o
                0x00012620                terminalTask::run(void*)
 .text._ZN17SingletonTemplateI5Uart0E11getInstanceEv
                0x000126b8       0x20 ./L5_Application/source/terminal.o
                0x000126b8                SingletonTemplate<Uart0>::getInstance()
 .text._ZN5Uart017putcharIntrDrivenEc
                0x000126d8       0x18 ./L5_Application/source/terminal.o
                0x000126d8                Uart0::putcharIntrDriven(char)
 .text._ZN5Uart017getcharIntrDrivenEc
                0x000126f0       0x22 ./L5_Application/source/terminal.o
                0x000126f0                Uart0::getcharIntrDriven(char)
 *fill*         0x00012712        0x2 ff
 .text._ZN12terminalTask9taskEntryEv
                0x00012714      0x27c ./L5_Application/source/terminal.o
                0x00012714                terminalTask::taskEntry()
 .text.period_init
                0x00012990        0x4 ./L5_Application/periodic_scheduler/period_callbacks.o
                0x00012990                period_init
 .text.period_reg_tlm
                0x00012994        0x4 ./L5_Application/periodic_scheduler/period_callbacks.o
                0x00012994                period_reg_tlm
 .text.period_1Hz
                0x00012998       0x10 ./L5_Application/periodic_scheduler/period_callbacks.o
                0x00012998                period_1Hz
 .text.period_10Hz
                0x000129a8       0x10 ./L5_Application/periodic_scheduler/period_callbacks.o
                0x000129a8                period_10Hz
 .text.period_100Hz
                0x000129b8       0x10 ./L5_Application/periodic_scheduler/period_callbacks.o
                0x000129b8                period_100Hz
 .text.period_1000Hz
                0x000129c8       0x10 ./L5_Application/periodic_scheduler/period_callbacks.o
                0x000129c8                period_1000Hz
 .text._ZN21periodicSchedulerTaskD2Ev
                0x000129d8        0x2 ./L5_Application/periodic_scheduler/prd_monitor.o
                0x000129d8                periodicSchedulerTask::~periodicSchedulerTask()
                0x000129d8                periodicSchedulerTask::~periodicSchedulerTask()
 .text._ZN21periodicSchedulerTask4initEv
                0x000129da        0x4 ./L5_Application/periodic_scheduler/prd_monitor.o
                0x000129da                periodicSchedulerTask::init()
 .text._ZN21periodicSchedulerTask6regTlmEv
                0x000129de        0x4 ./L5_Application/periodic_scheduler/prd_monitor.o
                0x000129de                periodicSchedulerTask::regTlm()
 .text._ZN21periodicSchedulerTaskD0Ev
                0x000129e2        0xc ./L5_Application/periodic_scheduler/prd_monitor.o
                0x000129e2                periodicSchedulerTask::~periodicSchedulerTask()
 *fill*         0x000129ee        0x2 ff
 .text._Z11period_task10prd_task_t
                0x000129f0       0x38 ./L5_Application/periodic_scheduler/prd_monitor.o
                0x000129f0                period_task(prd_task_t)
 .text._Z15period_task_1HzPv
                0x00012a28        0xa ./L5_Application/periodic_scheduler/prd_monitor.o
                0x00012a28                period_task_1Hz(void*)
 .text._Z16period_task_10HzPv
                0x00012a32        0xa ./L5_Application/periodic_scheduler/prd_monitor.o
                0x00012a32                period_task_10Hz(void*)
 .text._Z17period_task_100HzPv
                0x00012a3c        0xa ./L5_Application/periodic_scheduler/prd_monitor.o
                0x00012a3c                period_task_100Hz(void*)
 .text._Z18period_task_1000HzPv
                0x00012a46        0xa ./L5_Application/periodic_scheduler/prd_monitor.o
                0x00012a46                period_task_1000Hz(void*)
 .text._ZN21periodicSchedulerTaskC2Eb
                0x00012a50      0x100 ./L5_Application/periodic_scheduler/prd_monitor.o
                0x00012a50                periodicSchedulerTask::periodicSchedulerTask(bool)
                0x00012a50                periodicSchedulerTask::periodicSchedulerTask(bool)
 .text._ZN21periodicSchedulerTask23handlePeriodicSemaphoreEhh
                0x00012b50       0x78 ./L5_Application/periodic_scheduler/prd_monitor.o
                0x00012b50                periodicSchedulerTask::handlePeriodicSemaphore(unsigned char, unsigned char)
 .text._ZN21periodicSchedulerTask3runEPv
                0x00012bc8       0x42 ./L5_Application/periodic_scheduler/prd_monitor.o
                0x00012bc8                periodicSchedulerTask::run(void*)
 .text._ZN12wirelessTaskD2Ev
                0x00012c0a        0x2 ./L5_Application/main.o
                0x00012c0a                wirelessTask::~wirelessTask()
                0x00012c0a                wirelessTask::~wirelessTask()
 .text._ZN12wirelessTask3runEPv
                0x00012c0c        0xa ./L5_Application/main.o
                0x00012c0c                wirelessTask::run(void*)
 .text._ZN12wirelessTaskD0Ev
                0x00012c16        0xc ./L5_Application/main.o
                0x00012c16                wirelessTask::~wirelessTask()
 *fill*         0x00012c22        0x2 ff
 .text.startup.main
                0x00012c24       0x64 ./L5_Application/main.o
                0x00012c24                main
 .text.mesh_incr_soft_timers_for_arr
                0x00012c88       0x26 ./L4_IO/wireless/src/mesh.o
 *fill*         0x00012cae        0x2 ff
 .text.mesh_update_soft_timers
                0x00012cb0       0x4c ./L4_IO/wireless/src/mesh.o
 .text.mesh_send_packet
                0x00012cfc       0x3c ./L4_IO/wireless/src/mesh.o
 .text.mesh_send_retry_packet
                0x00012d38       0x34 ./L4_IO/wireless/src/mesh.o
 .text.mesh_find_rte_tbl_entry
                0x00012d6c       0x24 ./L4_IO/wireless/src/mesh.o
 .text.mesh_update_rte_scores
                0x00012d90       0x28 ./L4_IO/wireless/src/mesh.o
 .text.mesh_get_pnd_pkt_slot
                0x00012db8       0x42 ./L4_IO/wireless/src/mesh.o
 *fill*         0x00012dfa        0x2 ff
 .text.mesh_pending_packets_add
                0x00012dfc       0x90 ./L4_IO/wireless/src/mesh.o
 .text.mesh_get_rte_to_modify
                0x00012e8c       0x58 ./L4_IO/wireless/src/mesh.o
 .text.mesh_handle_pnd_pkts_for_arr
                0x00012ee4      0x184 ./L4_IO/wireless/src/mesh.o
 .text.mesh_set_node_address
                0x00013068       0x18 ./L4_IO/wireless/src/mesh.o
                0x00013068                mesh_set_node_address
 .text.mesh_get_node_address
                0x00013080        0xc ./L4_IO/wireless/src/mesh.o
                0x00013080                mesh_get_node_address
 .text.mesh_set_retry_count
                0x0001308c       0x10 ./L4_IO/wireless/src/mesh.o
                0x0001308c                mesh_set_retry_count
 .text.mesh_form_pkt
                0x0001309c      0x100 ./L4_IO/wireless/src/mesh.o
                0x0001309c                mesh_form_pkt
 .text.mesh_send_formed_pkt
                0x0001319c       0x50 ./L4_IO/wireless/src/mesh.o
                0x0001319c                mesh_send_formed_pkt
 .text.mesh_init
                0x000131ec      0x104 ./L4_IO/wireless/src/mesh.o
                0x000131ec                mesh_init
 .text.mesh_send
                0x000132f0       0x3c ./L4_IO/wireless/src/mesh.o
                0x000132f0                mesh_send
 .text.mesh_send_ack
                0x0001332c       0x1a ./L4_IO/wireless/src/mesh.o
 *fill*         0x00013346        0x2 ff
 .text.mesh_get_routing_entry
                0x00013348       0x2c ./L4_IO/wireless/src/mesh.o
                0x00013348                mesh_get_routing_entry
 .text.mesh_get_num_routing_entries
                0x00013374       0x1c ./L4_IO/wireless/src/mesh.o
                0x00013374                mesh_get_num_routing_entries
 .text.mesh_service
                0x00013390      0x2c4 ./L4_IO/wireless/src/mesh.o
                0x00013390                mesh_service
 .text.mesh_get_pnd_pkt_count
                0x00013654       0x34 ./L4_IO/wireless/src/mesh.o
                0x00013654                mesh_get_pnd_pkt_count
 .text.mesh_get_max_timeout_before_packet_fails
                0x00013688       0x24 ./L4_IO/wireless/src/mesh.o
                0x00013688                mesh_get_max_timeout_before_packet_fails
 .text.mesh_get_stats
                0x000136ac       0x14 ./L4_IO/wireless/src/mesh.o
                0x000136ac                mesh_get_stats
 .text.nordic_transfer
                0x000136c0      0x104 ./L4_IO/wireless/src/nrf24L01Plus.o
 .text.nordic_readRegister
                0x000137c4       0x20 ./L4_IO/wireless/src/nrf24L01Plus.o
 .text.nordic_writeRegister
                0x000137e4       0x1e ./L4_IO/wireless/src/nrf24L01Plus.o
 .text.nordic_is_tx_fifo_empty
                0x00013802        0xe ./L4_IO/wireless/src/nrf24L01Plus.o
                0x00013802                nordic_is_tx_fifo_empty
 .text.nordic_clear_all_intr_flags
                0x00013810        0x8 ./L4_IO/wireless/src/nrf24L01Plus.o
                0x00013810                nordic_clear_all_intr_flags
 .text.nordic_queue_tx_fifo
                0x00013818        0xc ./L4_IO/wireless/src/nrf24L01Plus.o
                0x00013818                nordic_queue_tx_fifo
 .text.nordic_standby1_to_tx_mode1
                0x00013824       0x16 ./L4_IO/wireless/src/nrf24L01Plus.o
                0x00013824                nordic_standby1_to_tx_mode1
 *fill*         0x0001383a        0x2 ff
 .text.nordic_rx_to_Stanby1
                0x0001383c       0x10 ./L4_IO/wireless/src/nrf24L01Plus.o
                0x0001383c                nordic_rx_to_Stanby1
 .text.nordic_standby1_to_rx
                0x0001384c       0x24 ./L4_IO/wireless/src/nrf24L01Plus.o
                0x0001384c                nordic_standby1_to_rx
 .text.nordic_clear_packet_sent_flag
                0x00013870        0x8 ./L4_IO/wireless/src/nrf24L01Plus.o
                0x00013870                nordic_clear_packet_sent_flag
 .text.nordic_flush_tx_fifo
                0x00013878        0xc ./L4_IO/wireless/src/nrf24L01Plus.o
                0x00013878                nordic_flush_tx_fifo
 .text.nordic_mode1_send_single_packet
                0x00013884       0x4c ./L4_IO/wireless/src/nrf24L01Plus.o
                0x00013884                nordic_mode1_send_single_packet
 .text.nordic_is_packet_available
                0x000138d0       0x12 ./L4_IO/wireless/src/nrf24L01Plus.o
                0x000138d0                nordic_is_packet_available
 .text.nordic_clear_packet_available_flag
                0x000138e2        0x8 ./L4_IO/wireless/src/nrf24L01Plus.o
                0x000138e2                nordic_clear_packet_available_flag
 .text.nordic_read_rx_fifo
                0x000138ea       0x14 ./L4_IO/wireless/src/nrf24L01Plus.o
                0x000138ea                nordic_read_rx_fifo
 .text.nordic_flush_rx_fifo
                0x000138fe        0xc ./L4_IO/wireless/src/nrf24L01Plus.o
                0x000138fe                nordic_flush_rx_fifo
 .text.nordic_set_intr_signals
                0x0001390a       0x3e ./L4_IO/wireless/src/nrf24L01Plus.o
                0x0001390a                nordic_set_intr_signals
 .text.nordic_set_crc
                0x00013948       0x38 ./L4_IO/wireless/src/nrf24L01Plus.o
                0x00013948                nordic_set_crc
 .text.nordic_power_up
                0x00013980       0x18 ./L4_IO/wireless/src/nrf24L01Plus.o
                0x00013980                nordic_power_up
 .text.nordic_power_down
                0x00013998       0x16 ./L4_IO/wireless/src/nrf24L01Plus.o
                0x00013998                nordic_power_down
 .text.nordic_set_channel
                0x000139ae       0x24 ./L4_IO/wireless/src/nrf24L01Plus.o
                0x000139ae                nordic_set_channel
 .text.nordic_set_air_data_rate
                0x000139d2       0x2c ./L4_IO/wireless/src/nrf24L01Plus.o
                0x000139d2                nordic_set_air_data_rate
 .text.nordic_set_power_level
                0x000139fe       0x24 ./L4_IO/wireless/src/nrf24L01Plus.o
                0x000139fe                nordic_set_power_level
 .text.nordic_set_auto_transmit_options
                0x00013a22       0x32 ./L4_IO/wireless/src/nrf24L01Plus.o
                0x00013a22                nordic_set_auto_transmit_options
 .text.nordic_set_payload_for_pipe
                0x00013a54       0x14 ./L4_IO/wireless/src/nrf24L01Plus.o
                0x00013a54                nordic_set_payload_for_pipe
 .text.nordic_set_addr_width
                0x00013a68       0x16 ./L4_IO/wireless/src/nrf24L01Plus.o
                0x00013a68                nordic_set_addr_width
 .text.nordic_set_tx_address
                0x00013a7e        0xc ./L4_IO/wireless/src/nrf24L01Plus.o
                0x00013a7e                nordic_set_tx_address
 .text.nordic_set_rx_pipe0_addr
                0x00013a8a        0xc ./L4_IO/wireless/src/nrf24L01Plus.o
                0x00013a8a                nordic_set_rx_pipe0_addr
 *fill*         0x00013a96        0x2 ff
 .text.nordic_init
                0x00013a98       0xc8 ./L4_IO/wireless/src/nrf24L01Plus.o
                0x00013a98                nordic_init
 .text.nrf_driver_init
                0x00013b60       0x70 ./L4_IO/wireless/src/wireless.o
 .text.nrf_driver_app_recv
                0x00013bd0       0x50 ./L4_IO/wireless/src/wireless.o
 .text.nrf_driver_send
                0x00013c20       0x58 ./L4_IO/wireless/src/wireless.o
 .text.nrf_irq_callback
                0x00013c78       0x34 ./L4_IO/wireless/src/wireless.o
 .text.nrf_driver_receive
                0x00013cac       0x22 ./L4_IO/wireless/src/wireless.o
 .text.wireless_get_queued_pkt
                0x00013cce       0x64 ./L4_IO/wireless/src/wireless.o
 .text.nrf_driver_get_timer
                0x00013d32       0x28 ./L4_IO/wireless/src/wireless.o
 *fill*         0x00013d5a        0x2 ff
 .text.wireless_init
                0x00013d5c       0x4c ./L4_IO/wireless/src/wireless.o
                0x00013d5c                wireless_init
 .text.wireless_get_rx_pkt
                0x00013da8       0x10 ./L4_IO/wireless/src/wireless.o
                0x00013da8                wireless_get_rx_pkt
 .text.wireless_get_ack_pkt
                0x00013db8       0x10 ./L4_IO/wireless/src/wireless.o
                0x00013db8                wireless_get_ack_pkt
 .text.wireless_service
                0x00013dc8       0x4c ./L4_IO/wireless/src/wireless.o
                0x00013dc8                wireless_service
 .text._ZN11i2c2_device8writeRegEhh
                0x00013e14        0xc ./L4_IO/src/io_source.o
                0x00013e14                i2c2_device::writeReg(unsigned char, unsigned char)
 .text._ZN11i2c2_device16get16BitRegisterEh
                0x00013e20       0x2a ./L4_IO/src/io_source.o
                0x00013e20                i2c2_device::get16BitRegister(unsigned char)
 .text._ZN19Acceleration_Sensor4initEv
                0x00013e4a       0x20 ./L4_IO/src/io_source.o
                0x00013e4a                Acceleration_Sensor::init()
 *fill*         0x00013e6a        0x2 ff
 .text._ZN9IR_Sensor11storeIrCodeEm
                0x00013e6c       0x1c ./L4_IO/src/io_source.o
                0x00013e6c                IR_Sensor::storeIrCode(unsigned long)
 .text._ZN9IR_Sensor12decodeIrCodeEv
                0x00013e88       0x64 ./L4_IO/src/io_source.o
                0x00013e88                IR_Sensor::decodeIrCode()
 .text._ZN9IR_Sensor4initEv
                0x00013eec       0x34 ./L4_IO/src/io_source.o
                0x00013eec                IR_Sensor::init()
 .text._ZN11LED_Display12setLeftDigitEc
                0x00013f20       0x18 ./L4_IO/src/io_source.o
                0x00013f20                LED_Display::setLeftDigit(char)
 .text._ZN11LED_Display13setRightDigitEc
                0x00013f38       0x18 ./L4_IO/src/io_source.o
                0x00013f38                LED_Display::setRightDigit(char)
 .text._ZN11LED_Display4initEv
                0x00013f50       0x38 ./L4_IO/src/io_source.o
                0x00013f50                LED_Display::init()
 .text._ZN11LED_Display9setNumberEc
                0x00013f88       0x3a ./L4_IO/src/io_source.o
                0x00013f88                LED_Display::setNumber(char)
 .text._ZN3LED4initEv
                0x00013fc2        0x4 ./L4_IO/src/io_source.o
                0x00013fc2                LED::init()
 *fill*         0x00013fc6        0x2 ff
 .text._ZN3LED6setAllEh
                0x00013fc8       0x5c ./L4_IO/src/io_source.o
                0x00013fc8                LED::setAll(unsigned char)
 .text._ZN3LED6toggleEh
                0x00014024       0x28 ./L4_IO/src/io_source.o
                0x00014024                LED::toggle(unsigned char)
 .text._ZN12Light_Sensor4initEv
                0x0001404c        0x4 ./L4_IO/src/io_source.o
                0x0001404c                Light_Sensor::init()
 .text._ZN12Light_Sensor11getRawValueEv
                0x00014050        0x6 ./L4_IO/src/io_source.o
                0x00014050                Light_Sensor::getRawValue()
 .text._ZN8Switches4initEv
                0x00014056        0x4 ./L4_IO/src/io_source.o
                0x00014056                Switches::init()
 *fill*         0x0001405a        0x2 ff
 .text._ZN8Switches15getSwitchValuesEv
                0x0001405c       0x18 ./L4_IO/src/io_source.o
                0x0001405c                Switches::getSwitchValues()
 .text._ZN8I2C_Temp4initEv
                0x00014074       0x22 ./L4_IO/src/io_source.o
                0x00014074                I2C_Temp::init()
 .text._ZN8I2C_Temp10getCelsiusEv
                0x00014096       0x30 ./L4_IO/src/io_source.o
                0x00014096                I2C_Temp::getCelsius()
 *fill*         0x000140c6        0x2 ff
 .text._ZN8I2C_Temp12getFarenheitEv
                0x000140c8       0x24 ./L4_IO/src/io_source.o
                0x000140c8                I2C_Temp::getFarenheit()
 .text._ZN7Storage4copyEPKcS1_PjS2_S2_
                0x000140ec       0xf4 ./L4_IO/src/storage.o
                0x000140ec                Storage::copy(char const*, char const*, unsigned int*, unsigned int*, unsigned int*)
 .text._ZN7Storage4readEPKcPvjj
                0x000141e0       0x44 ./L4_IO/src/storage.o
                0x000141e0                Storage::read(char const*, void*, unsigned int, unsigned int)
 .text._ZN7Storage5writeEPKcPvjj
                0x00014224       0x44 ./L4_IO/src/storage.o
                0x00014224                Storage::write(char const*, void*, unsigned int, unsigned int)
 .text._ZN7Storage6appendEPKcPKvjj
                0x00014268       0x48 ./L4_IO/src/storage.o
                0x00014268                Storage::append(char const*, void const*, unsigned int, unsigned int)
 .text.ff_convert
                0x000142b0       0x3c ./L4_IO/fat/option/ccsbcs.o
                0x000142b0                ff_convert
 .text.ff_wtoupper
                0x000142ec       0x24 ./L4_IO/fat/option/ccsbcs.o
                0x000142ec                ff_wtoupper
 .text.ff_cre_syncobj
                0x00014310       0x14 ./L4_IO/fat/option/reentrant.o
                0x00014310                ff_cre_syncobj
 .text.ff_del_syncobj
                0x00014324        0x4 ./L4_IO/fat/option/reentrant.o
                0x00014324                ff_del_syncobj
 .text.ff_req_grant
                0x00014328       0x26 ./L4_IO/fat/option/reentrant.o
                0x00014328                ff_req_grant
 .text.ff_rel_grant
                0x0001434e       0x1e ./L4_IO/fat/option/reentrant.o
                0x0001434e                ff_rel_grant
 .text.disk_initialize
                0x0001436c       0x26 ./L4_IO/fat/disk/diskio.o
                0x0001436c                disk_initialize
 .text.disk_status
                0x00014392       0x10 ./L4_IO/fat/disk/diskio.o
                0x00014392                disk_status
 .text.disk_read
                0x000143a2       0x38 ./L4_IO/fat/disk/diskio.o
                0x000143a2                disk_read
 .text.disk_write
                0x000143da       0x38 ./L4_IO/fat/disk/diskio.o
                0x000143da                disk_write
 .text.disk_ioctl
                0x00014412       0x32 ./L4_IO/fat/disk/diskio.o
                0x00014412                disk_ioctl
 .text.sys_get_uptime_ms
                0x00014444       0x12 ./L4_IO/fat/disk/sd.o
 *fill*         0x00014456        0x2 ff
 .text.ssp1_set_max_clock
                0x00014458       0x30 ./L4_IO/fat/disk/sd.o
 .text.ssp1_exchange_byte
                0x00014488       0x18 ./L4_IO/fat/disk/sd.o
 .text.wait_ready
                0x000144a0       0x2e ./L4_IO/fat/disk/sd.o
                0x000144a0                wait_ready
 *fill*         0x000144ce        0x2 ff
 .text.power_off
                0x000144d0       0x24 ./L4_IO/fat/disk/sd.o
                0x000144d0                power_off
 .text.rcvr_datablock
                0x000144f4       0x8c ./L4_IO/fat/disk/sd.o
                0x000144f4                rcvr_datablock
 .text.xmit_datablock
                0x00014580       0x4c ./L4_IO/fat/disk/sd.o
                0x00014580                xmit_datablock
 .text.send_cmd
                0x000145cc       0x90 ./L4_IO/fat/disk/sd.o
                0x000145cc                send_cmd
 .text.sd_update_card_status
                0x0001465c       0x24 ./L4_IO/fat/disk/sd.o
                0x0001465c                sd_update_card_status
 .text.sd_initialize
                0x00014680      0x170 ./L4_IO/fat/disk/sd.o
                0x00014680                sd_initialize
 .text.sd_status
                0x000147f0       0x10 ./L4_IO/fat/disk/sd.o
                0x000147f0                sd_status
 .text.sd_read  0x00014800       0x98 ./L4_IO/fat/disk/sd.o
                0x00014800                sd_read
 .text.sd_write
                0x00014898       0xb4 ./L4_IO/fat/disk/sd.o
                0x00014898                sd_write
 .text.sd_ioctl
                0x0001494c      0x234 ./L4_IO/fat/disk/sd.o
                0x0001494c                sd_ioctl
 .text._ZL24flash_get_mem_size_bytesv
                0x00014b80       0x20 ./L4_IO/fat/disk/spi_flash.o
 .text._ZL37flash_perform_page_io_of_fatfs_sectorPFvPhmmES_m
                0x00014ba0       0x74 ./L4_IO/fat/disk/spi_flash.o
 .text.ssp1_exchange_data
                0x00014c14       0xc4 ./L4_IO/fat/disk/spi_flash.o
 .text._ZL18flash_send_op_addr14flash_opcode_tm
                0x00014cd8       0x26 ./L4_IO/fat/disk/spi_flash.o
 *fill*         0x00014cfe        0x2 ff
 .text._ZL15flash_read_pagePhmm
                0x00014d00       0x44 ./L4_IO/fat/disk/spi_flash.o
 .text._ZL20flash_wait_for_readyv
                0x00014d44       0x44 ./L4_IO/fat/disk/spi_flash.o
 .text.flash_initialize
                0x00014d88       0x98 ./L4_IO/fat/disk/spi_flash.o
                0x00014d88                flash_initialize
 .text.flash_read_sectors
                0x00014e20       0x44 ./L4_IO/fat/disk/spi_flash.o
                0x00014e20                flash_read_sectors
 .text.flash_write_sectors
                0x00014e64       0x40 ./L4_IO/fat/disk/spi_flash.o
                0x00014e64                flash_write_sectors
 .text.flash_ioctl
                0x00014ea4       0x36 ./L4_IO/fat/disk/spi_flash.o
                0x00014ea4                flash_ioctl
 *fill*         0x00014eda        0x2 ff
 .text.flash_write_permanent_id
                0x00014edc       0x44 ./L4_IO/fat/disk/spi_flash.o
                0x00014edc                flash_write_permanent_id
 .text.flash_read_permanent_id
                0x00014f20       0x28 ./L4_IO/fat/disk/spi_flash.o
                0x00014f20                flash_read_permanent_id
 .text.flash_get_page_count
                0x00014f48       0x20 ./L4_IO/fat/disk/spi_flash.o
                0x00014f48                flash_get_page_count
 .text.flash_get_page_size
                0x00014f68        0xc ./L4_IO/fat/disk/spi_flash.o
                0x00014f68                flash_get_page_size
 .text.flash_supports_metadata
                0x00014f74       0x10 ./L4_IO/fat/disk/spi_flash.o
                0x00014f74                flash_supports_metadata
 .text._ZL16flash_write_pagePhmm
                0x00014f84       0x8c ./L4_IO/fat/disk/spi_flash.o
 .text.flash_get_page_write_count
                0x00015010       0x54 ./L4_IO/fat/disk/spi_flash.o
                0x00015010                flash_get_page_write_count
 .text.flash_chip_erase
                0x00015064       0x2c ./L4_IO/fat/disk/spi_flash.o
                0x00015064                flash_chip_erase
 .text.get_fattime
                0x00015090       0x52 ./L4_IO/fat/fatfs_time.o
                0x00015090                get_fattime
 .text.mem_cpy  0x000150e2       0x38 ./L4_IO/fat/ff.o
 .text.mem_set  0x0001511a        0xe ./L4_IO/fat/ff.o
 .text.sum_sfn  0x00015128       0x1e ./L4_IO/fat/ff.o
 .text.get_ldnumber
                0x00015146       0x3c ./L4_IO/fat/ff.o
 .text.get_fileinfo
                0x00015182       0xc4 ./L4_IO/fat/ff.o
 .text.sync_window.part.1
                0x00015246       0x46 ./L4_IO/fat/ff.o
 .text.sync_window
                0x0001528c        0xc ./L4_IO/fat/ff.o
 .text.sync_fs  0x00015298       0x74 ./L4_IO/fat/ff.o
 .text.move_window
                0x0001530c       0x34 ./L4_IO/fat/ff.o
 .text.check_fs
                0x00015340       0x4c ./L4_IO/fat/ff.o
 .text.find_volume
                0x0001538c      0x23c ./L4_IO/fat/ff.o
 .text.validate
                0x000155c8       0x3a ./L4_IO/fat/ff.o
 .text.unlock_fs
                0x00015602       0x1a ./L4_IO/fat/ff.o
 .text.clust2sect
                0x0001561c       0x16 ./L4_IO/fat/ff.o
                0x0001561c                clust2sect
 .text.get_fat  0x00015632       0xa6 ./L4_IO/fat/ff.o
                0x00015632                get_fat
 .text.dir_sdi  0x000156d8       0x7e ./L4_IO/fat/ff.o
 .text.put_fat  0x00015756       0xd2 ./L4_IO/fat/ff.o
                0x00015756                put_fat
 .text.create_chain
                0x00015828       0xa2 ./L4_IO/fat/ff.o
 .text.dir_next
                0x000158ca       0xee ./L4_IO/fat/ff.o
 .text.dir_find.part.9
                0x000159b8      0x124 ./L4_IO/fat/ff.o
 .text.follow_path
                0x00015adc      0x268 ./L4_IO/fat/ff.o
 .text.dir_register
                0x00015d44      0x224 ./L4_IO/fat/ff.o
 .text.dir_remove
                0x00015f68       0x5a ./L4_IO/fat/ff.o
 *fill*         0x00015fc2        0x2 ff
 .text.dir_read.constprop.11
                0x00015fc4       0xe8 ./L4_IO/fat/ff.o
 .text.remove_chain
                0x000160ac       0x58 ./L4_IO/fat/ff.o
 .text.f_mount  0x00016104       0x7c ./L4_IO/fat/ff.o
                0x00016104                f_mount
 .text.f_open   0x00016180      0x134 ./L4_IO/fat/ff.o
                0x00016180                f_open
 .text.f_read   0x000162b4      0x170 ./L4_IO/fat/ff.o
                0x000162b4                f_read
 .text.f_write  0x00016424      0x1a2 ./L4_IO/fat/ff.o
                0x00016424                f_write
 .text.f_sync   0x000165c6       0x8c ./L4_IO/fat/ff.o
                0x000165c6                f_sync
 .text.f_close  0x00016652       0x24 ./L4_IO/fat/ff.o
                0x00016652                f_close
 .text.f_lseek  0x00016676      0x14e ./L4_IO/fat/ff.o
                0x00016676                f_lseek
 .text.f_opendir
                0x000167c4       0x88 ./L4_IO/fat/ff.o
                0x000167c4                f_opendir
 .text.f_readdir
                0x0001684c       0x5e ./L4_IO/fat/ff.o
                0x0001684c                f_readdir
 .text.f_getfree
                0x000168aa       0xca ./L4_IO/fat/ff.o
                0x000168aa                f_getfree
 .text.f_unlink
                0x00016974       0xba ./L4_IO/fat/ff.o
                0x00016974                f_unlink
 .text.f_mkdir  0x00016a2e      0x152 ./L4_IO/fat/ff.o
                0x00016a2e                f_mkdir
 .text.f_rename
                0x00016b80      0x120 ./L4_IO/fat/ff.o
                0x00016b80                f_rename
 .text.f_mkfs   0x00016ca0      0x4ec ./L4_IO/fat/ff.o
                0x00016ca0                f_mkfs
 .text.c_list_for_each_elm
                0x0001718c       0x2a ./L3_Utils/src/c_list.o
                0x0001718c                c_list_for_each_elm
 *fill*         0x000171b6        0x2 ff
 .text._ZN16CommandProcessor10addHandlerEPFbR3strR7CharDevPvEPKcS8_S4_
                0x000171b8       0x7c ./L3_Utils/src/command_handler.o
                0x000171b8                CommandProcessor::addHandler(bool (*)(str&, CharDev&, void*), char const*, char const*, void*)
 .text._ZN16CommandProcessor24getRegisteredCommandListER7CharDev
                0x00017234       0x98 ./L3_Utils/src/command_handler.o
                0x00017234                CommandProcessor::getRegisteredCommandList(CharDev&)
 .text._ZN16CommandProcessor11getHelpTextER3strR7CharDev
                0x000172cc       0x70 ./L3_Utils/src/command_handler.o
                0x000172cc                CommandProcessor::getHelpText(str&, CharDev&)
 .text._ZN16CommandProcessor15prepareCmdParamER3strPKc
                0x0001733c       0x3c ./L3_Utils/src/command_handler.o
                0x0001733c                CommandProcessor::prepareCmdParam(str&, char const*)
 .text._ZN16CommandProcessor13handleCommandER3strR7CharDev
                0x00017378      0x14c ./L3_Utils/src/command_handler.o
                0x00017378                CommandProcessor::handleCommand(str&, CharDev&)
 .text.logger_get_buffer_ptr
                0x000174c4       0x44 ./L3_Utils/src/file_logger.o
 .text.logger_write_to_file
                0x00017508       0xb4 ./L3_Utils/src/file_logger.o
 .text.logger_task
                0x000175bc       0xd0 ./L3_Utils/src/file_logger.o
 .text.logger_write_log_message
                0x0001768c       0x48 ./L3_Utils/src/file_logger.o
 .text.logger_send_flush_request
                0x000176d4       0x34 ./L3_Utils/src/file_logger.o
                0x000176d4                logger_send_flush_request
 .text.logger_get_logged_call_count
                0x00017708       0x14 ./L3_Utils/src/file_logger.o
                0x00017708                logger_get_logged_call_count
 .text.logger_get_blocked_call_count
                0x0001771c        0xc ./L3_Utils/src/file_logger.o
                0x0001771c                logger_get_blocked_call_count
 .text.logger_get_highest_file_write_time_ms
                0x00017728        0xc ./L3_Utils/src/file_logger.o
                0x00017728                logger_get_highest_file_write_time_ms
 .text.logger_get_num_buffers_watermark
                0x00017734        0xc ./L3_Utils/src/file_logger.o
                0x00017734                logger_get_num_buffers_watermark
 .text.logger_init
                0x00017740       0xd4 ./L3_Utils/src/file_logger.o
                0x00017740                logger_init
 .text.logger_set_printf
                0x00017814       0x1c ./L3_Utils/src/file_logger.o
                0x00017814                logger_set_printf
 .text.logger_log
                0x00017830      0x134 ./L3_Utils/src/file_logger.o
                0x00017830                logger_log
 .text.logger_log_raw
                0x00017964       0x40 ./L3_Utils/src/file_logger.o
                0x00017964                logger_log_raw
 .text.u0_dbg_put
                0x000179a4       0x1e ./L3_Utils/src/printf_lib.o
                0x000179a4                u0_dbg_put
 .text.u0_dbg_printf
                0x000179c2       0x3c ./L3_Utils/src/printf_lib.o
                0x000179c2                u0_dbg_printf
 .text.for_each_recur_alarm_callback
                0x000179fe       0x24 ./L3_Utils/src/rtc_alarm.o
 .text.for_each_alarm_callback
                0x00017a22       0x5a ./L3_Utils/src/rtc_alarm.o
 .text.RTC_IRQHandler
                0x00017a7c       0xac ./L3_Utils/src/rtc_alarm.o
                0x00017a7c                RTC_IRQHandler
 .text.__sputc_r
                0x00017b28       0x2c ./L3_Utils/src/scheduler_task.o
 .text._ZL9dbg_printPKcS0_
                0x00017b54       0x34 ./L3_Utils/src/scheduler_task.o
 .text._ZL9printlinePKcS0_
                0x00017b88       0x38 ./L3_Utils/src/scheduler_task.o
 .text._Z24scheduler_c_task_privatePv
                0x00017bc0      0x120 ./L3_Utils/src/scheduler_task.o
                0x00017bc0                scheduler_c_task_private(void*)
 .text._Z18scheduler_init_allb
                0x00017ce0       0xec ./L3_Utils/src/scheduler_task.o
                0x00017ce0                scheduler_init_all(bool)
 .text._Z18scheduler_add_taskP14scheduler_task
                0x00017dcc       0x1c ./L3_Utils/src/scheduler_task.o
                0x00017dcc                scheduler_add_task(scheduler_task*)
 .text._Z15scheduler_startbb
                0x00017de8       0x40 ./L3_Utils/src/scheduler_task.o
                0x00017de8                scheduler_start(bool, bool)
 .text._ZN14scheduler_taskC2EPKcmhPv
                0x00017e28       0x34 ./L3_Utils/src/scheduler_task.o
                0x00017e28                scheduler_task::scheduler_task(char const*, unsigned long, unsigned char, void*)
                0x00017e28                scheduler_task::scheduler_task(char const*, unsigned long, unsigned char, void*)
 .text._ZN14scheduler_task15getSharedObjectEh
                0x00017e5c       0x18 ./L3_Utils/src/scheduler_task.o
                0x00017e5c                scheduler_task::getSharedObject(unsigned char)
 .text._ZN3strC2EPci
                0x00017e74       0x2a ./L3_Utils/src/str.o
                0x00017e74                str::str(char*, int)
                0x00017e74                str::str(char*, int)
 .text._ZN3strD2Ev
                0x00017e9e       0x24 ./L3_Utils/src/str.o
                0x00017e9e                str::~str()
                0x00017e9e                str::~str()
 .text._ZNK3str6getLenEv
                0x00017ec2        0x6 ./L3_Utils/src/str.o
                0x00017ec2                str::getLen() const
 .text._ZNK3str11getCapacityEv
                0x00017ec8        0x4 ./L3_Utils/src/str.o
                0x00017ec8                str::getCapacity() const
 .text._ZN3str5clearEv
                0x00017ecc        0x8 ./L3_Utils/src/str.o
                0x00017ecc                str::clear()
 .text._ZN3str5scanfEPKcz
                0x00017ed4       0x1c ./L3_Utils/src/str.o
                0x00017ed4                str::scanf(char const*, ...)
 .text._ZN3str8tokenizeEPKciz
                0x00017ef0       0x4c ./L3_Utils/src/str.o
                0x00017ef0                str::tokenize(char const*, int, ...)
 .text._ZNK3str9compareToEPKc
                0x00017f3c       0x14 ./L3_Utils/src/str.o
                0x00017f3c                str::compareTo(char const*) const
 .text._ZNK3str19compareToIgnoreCaseEPKc
                0x00017f50       0x10 ./L3_Utils/src/str.o
                0x00017f50                str::compareToIgnoreCase(char const*) const
 .text._ZNK3str22firstIndexOfIgnoreCaseEPKc
                0x00017f60       0x80 ./L3_Utils/src/str.o
                0x00017f60                str::firstIndexOfIgnoreCase(char const*) const
 .text._ZNK3str18containsIgnoreCaseEPKc
                0x00017fe0        0xe ./L3_Utils/src/str.o
                0x00017fe0                str::containsIgnoreCase(char const*) const
 .text._ZNK3str12firstIndexOfEPKc
                0x00017fee       0x16 ./L3_Utils/src/str.o
                0x00017fee                str::firstIndexOf(char const*) const
 .text._ZNK3str10beginsWithEPKc
                0x00018004       0x2e ./L3_Utils/src/str.o
                0x00018004                str::beginsWith(char const*) const
 .text._ZNK3str20beginsWithIgnoreCaseEPKc
                0x00018032       0x2e ./L3_Utils/src/str.o
                0x00018032                str::beginsWithIgnoreCase(char const*) const
 .text._ZNK3str29beginsWithWholeWordIgnoreCaseEPKcc
                0x00018060       0x38 ./L3_Utils/src/str.o
                0x00018060                str::beginsWithWholeWordIgnoreCase(char const*, char) const
 .text._ZN3str10eraseFirstEi
                0x00018098       0x28 ./L3_Utils/src/str.o
                0x00018098                str::eraseFirst(int)
 .text._ZN3str9eraseLastEi
                0x000180c0       0x20 ./L3_Utils/src/str.o
                0x000180c0                str::eraseLast(int)
 .text._ZN3str10eraseAfterEii
                0x000180e0       0x38 ./L3_Utils/src/str.o
                0x000180e0                str::eraseAfter(int, int)
 .text._ZN3str5eraseEPKc
                0x00018118       0x28 ./L3_Utils/src/str.o
                0x00018118                str::erase(char const*)
 .text._ZN3str15eraseFirstWordsEic
                0x00018140       0x2a ./L3_Utils/src/str.o
                0x00018140                str::eraseFirstWords(int, char)
 .text._ZN3str9trimStartEPKc
                0x0001816a       0x40 ./L3_Utils/src/str.o
                0x0001816a                str::trimStart(char const*)
 .text._ZN3str7trimEndEPKc
                0x000181aa       0x3a ./L3_Utils/src/str.o
                0x000181aa                str::trimEnd(char const*)
 .text._ZNK3streqEPKc
                0x000181e4        0x4 ./L3_Utils/src/str.o
                0x000181e4                str::operator==(char const*) const
 .text._ZNK3strclEv
                0x000181e8        0x4 ./L3_Utils/src/str.o
                0x000181e8                str::operator()() const
 .text._ZNK3strcviEv
                0x000181ec        0x6 ./L3_Utils/src/str.o
                0x000181ec                str::operator int() const
 .text._ZN3strixEi
                0x000181f2       0x14 ./L3_Utils/src/str.o
                0x000181f2                str::operator[](int)
 .text._ZN3str13reAllocateMemEi
                0x00018206       0x4c ./L3_Utils/src/str.o
                0x00018206                str::reAllocateMem(int)
 .text._ZN3str4initEi
                0x00018252       0x10 ./L3_Utils/src/str.o
                0x00018252                str::init(int)
 .text._ZN3strC2Ei
                0x00018262        0xc ./L3_Utils/src/str.o
                0x00018262                str::str(int)
                0x00018262                str::str(int)
 .text._ZN3str7reserveEi
                0x0001826e        0xe ./L3_Utils/src/str.o
                0x0001826e                str::reserve(int)
 .text._ZN3str6printfEPKcz
                0x0001827c       0x42 ./L3_Utils/src/str.o
                0x0001827c                str::printf(char const*, ...)
 .text._ZN3str26ensureMemoryToInsertNCharsEi
                0x000182be       0x22 ./L3_Utils/src/str.o
                0x000182be                str::ensureMemoryToInsertNChars(int)
 .text._ZN3str11insertAtEndEPKc
                0x000182e0       0x22 ./L3_Utils/src/str.o
                0x000182e0                str::insertAtEnd(char const*)
 .text._ZN3strpLEc
                0x00018302       0x1a ./L3_Utils/src/str.o
                0x00018302                str::operator+=(char)
 .text._ZN3str8copyFromEPKc
                0x0001831c       0x3c ./L3_Utils/src/str.o
                0x0001831c                str::copyFrom(char const*)
 .text._ZN3straSEPKc
                0x00018358        0x4 ./L3_Utils/src/str.o
                0x00018358                str::operator=(char const*)
 .text.delay_us
                0x0001835c       0x1c ./L3_Utils/src/utilities.o
                0x0001835c                delay_us
 .text.is_freertos_running
                0x00018378        0xe ./L3_Utils/src/utilities.o
                0x00018378                is_freertos_running
 .text.delay_ms
                0x00018386       0x22 ./L3_Utils/src/utilities.o
                0x00018386                delay_ms
 .text.adc0_start_conversion
                0x000183a8       0x24 ./L2_Drivers/src/adc.o
 .text.ADC_IRQHandler
                0x000183cc       0x48 ./L2_Drivers/src/adc.o
                0x000183cc                ADC_IRQHandler
 .text.adc0_init
                0x00018414       0x74 ./L2_Drivers/src/adc.o
                0x00018414                adc0_init
 .text.adc0_get_reading
                0x00018488       0x78 ./L2_Drivers/src/adc.o
                0x00018488                adc0_get_reading
 .text.CAN_tx_now
                0x00018500       0x32 ./L2_Drivers/src/can.o
 *fill*         0x00018532        0x2 ff
 .text.CAN_handle_isr
                0x00018534       0xa0 ./L2_Drivers/src/can.o
 .text.CAN_IRQHandler
                0x000185d4       0x28 ./L2_Drivers/src/can.o
                0x000185d4                CAN_IRQHandler
 .text.handle_eint_list
                0x000185fc       0x2c ./L2_Drivers/src/eint.o
 .text.eint3_enable.isra.0
                0x00018628       0x38 ./L2_Drivers/src/eint.o
 .text.EINT3_IRQHandler
                0x00018660       0x80 ./L2_Drivers/src/eint.o
                0x00018660                EINT3_IRQHandler
 .text.eint3_enable_port0
                0x000186e0       0x30 ./L2_Drivers/src/eint.o
                0x000186e0                eint3_enable_port0
 .text._ZN4I2C24initEj
                0x00018710       0x68 ./L2_Drivers/src/i2c2.o
                0x00018710                I2C2::init(unsigned int)
 .text._ZN4I2C2C2Ev
                0x00018778       0x14 ./L2_Drivers/src/i2c2.o
                0x00018778                I2C2::I2C2()
                0x00018778                I2C2::I2C2()
 .text.I2C2_IRQHandler
                0x0001878c       0x24 ./L2_Drivers/src/i2c2.o
                0x0001878c                I2C2_IRQHandler
 .text.RIT_IRQHandler
                0x000187b0       0x1c ./L2_Drivers/src/lpc_rit.o
                0x000187b0                RIT_IRQHandler
 .text.lpc_timer_get_struct
                0x000187cc       0x20 ./L2_Drivers/src/lpc_timers.o
 .text.lpc_timer_enable
                0x000187ec       0x54 ./L2_Drivers/src/lpc_timers.o
                0x000187ec                lpc_timer_enable
 .text._ZN12NordicStream5flushEv
                0x00018840       0x5c ./L2_Drivers/src/nrf_stream.o
                0x00018840                NordicStream::flush()
 .text._ZN12NordicStreamD2Ev
                0x0001889c       0x14 ./L2_Drivers/src/nrf_stream.o
                0x0001889c                NordicStream::~NordicStream()
                0x0001889c                NordicStream::~NordicStream()
 .text._ZN12NordicStreamD0Ev
                0x000188b0       0x12 ./L2_Drivers/src/nrf_stream.o
                0x000188b0                NordicStream::~NordicStream()
 .text._ZN12NordicStream7getCharEPcj
                0x000188c2       0x44 ./L2_Drivers/src/nrf_stream.o
                0x000188c2                NordicStream::getChar(char*, unsigned int)
 .text._ZN12NordicStream7putCharEcj
                0x00018906       0x22 ./L2_Drivers/src/nrf_stream.o
                0x00018906                NordicStream::putChar(char, unsigned int)
 .text._ZN12NordicStreamC2Ev
                0x00018928       0x40 ./L2_Drivers/src/nrf_stream.o
                0x00018928                NordicStream::NordicStream()
                0x00018928                NordicStream::NordicStream()
 .text.rtc_gettime
                0x00018968       0x50 ./L2_Drivers/src/rtc.o
                0x00018968                rtc_gettime
 .text.rtc_settime
                0x000189b8       0x68 ./L2_Drivers/src/rtc.o
                0x000189b8                rtc_settime
 .text.rtc_init
                0x00018a20       0xd0 ./L2_Drivers/src/rtc.o
                0x00018a20                rtc_init
 .text.rtc_get_date_time_str
                0x00018af0       0x14 ./L2_Drivers/src/rtc.o
                0x00018af0                rtc_get_date_time_str
 .text.ssp1_dma_init
                0x00018b04       0x1c ./L2_Drivers/src/spi_dma.o
                0x00018b04                ssp1_dma_init
 .text.ssp1_dma_transfer_block
                0x00018b20       0xc4 ./L2_Drivers/src/spi_dma.o
                0x00018b20                ssp1_dma_transfer_block
 .text.spi1_lock
                0x00018be4       0x30 ./L2_Drivers/src/spi_sem.o
                0x00018be4                spi1_lock
 .text.spi1_unlock
                0x00018c14       0x24 ./L2_Drivers/src/spi_sem.o
                0x00018c14                spi1_unlock
 .text._ZN5Uart0D2Ev
                0x00018c38       0x14 ./L2_Drivers/src/uart0.o
                0x00018c38                Uart0::~Uart0()
                0x00018c38                Uart0::~Uart0()
 .text._ZN5Uart0D0Ev
                0x00018c4c       0x12 ./L2_Drivers/src/uart0.o
                0x00018c4c                Uart0::~Uart0()
 *fill*         0x00018c5e        0x2 ff
 .text._ZN5Uart04initEjii
                0x00018c60       0x40 ./L2_Drivers/src/uart0.o
                0x00018c60                Uart0::init(unsigned int, int, int)
 .text._ZN5Uart0C2Ev
                0x00018ca0       0x1c ./L2_Drivers/src/uart0.o
                0x00018ca0                Uart0::Uart0()
                0x00018ca0                Uart0::Uart0()
 .text.UART0_IRQHandler
                0x00018cbc       0x24 ./L2_Drivers/src/uart0.o
                0x00018cbc                UART0_IRQHandler
 .text._ZN5Uart2D2Ev
                0x00018ce0       0x14 ./L2_Drivers/src/uart2.o
                0x00018ce0                Uart2::~Uart2()
                0x00018ce0                Uart2::~Uart2()
 .text._ZN5Uart2D0Ev
                0x00018cf4       0x12 ./L2_Drivers/src/uart2.o
                0x00018cf4                Uart2::~Uart2()
 *fill*         0x00018d06        0x2 ff
 .text._ZN5Uart2C2Ev
                0x00018d08       0x1c ./L2_Drivers/src/uart2.o
                0x00018d08                Uart2::Uart2()
                0x00018d08                Uart2::Uart2()
 .text.UART2_IRQHandler
                0x00018d24       0x24 ./L2_Drivers/src/uart2.o
                0x00018d24                UART2_IRQHandler
 .text._ZN5Uart3D2Ev
                0x00018d48       0x14 ./L2_Drivers/src/uart3.o
                0x00018d48                Uart3::~Uart3()
                0x00018d48                Uart3::~Uart3()
 .text._ZN5Uart3D0Ev
                0x00018d5c       0x12 ./L2_Drivers/src/uart3.o
                0x00018d5c                Uart3::~Uart3()
 *fill*         0x00018d6e        0x2 ff
 .text._ZN5Uart3C2Ev
                0x00018d70       0x1c ./L2_Drivers/src/uart3.o
                0x00018d70                Uart3::Uart3()
                0x00018d70                Uart3::Uart3()
 .text.UART3_IRQHandler
                0x00018d8c       0x24 ./L2_Drivers/src/uart3.o
                0x00018d8c                UART3_IRQHandler
 .text._ZN7CharDev5flushEv
                0x00018db0        0x4 ./L2_Drivers/base/char_dev.o
                0x00018db0                CharDev::flush()
 .text._ZN7CharDev3putEPKcj
                0x00018db4       0x28 ./L2_Drivers/base/char_dev.o
                0x00018db4                CharDev::put(char const*, unsigned int)
 .text._ZN7CharDev7putlineEPKcj
                0x00018ddc       0x1c ./L2_Drivers/base/char_dev.o
                0x00018ddc                CharDev::putline(char const*, unsigned int)
 .text._ZN7CharDev4getsEPcij
                0x00018df8       0x50 ./L2_Drivers/base/char_dev.o
                0x00018df8                CharDev::gets(char*, int, unsigned int)
 .text._ZN7CharDev6printfEPKcz
                0x00018e48       0x78 ./L2_Drivers/base/char_dev.o
                0x00018e48                CharDev::printf(char const*, ...)
 .text._ZN7CharDevC2Ev
                0x00018ec0       0x20 ./L2_Drivers/base/char_dev.o
                0x00018ec0                CharDev::CharDev()
                0x00018ec0                CharDev::CharDev()
 .text._ZN7CharDevD2Ev
                0x00018ee0       0x18 ./L2_Drivers/base/char_dev.o
                0x00018ee0                CharDev::~CharDev()
                0x00018ee0                CharDev::~CharDev()
 .text._ZN8I2C_Base8transferEhhPhm
                0x00018ef8       0xdc ./L2_Drivers/base/i2c_base.o
                0x00018ef8                I2C_Base::transfer(unsigned char, unsigned char, unsigned char*, unsigned long)
 .text._ZN8I2C_Base13readRegistersEhhPhm
                0x00018fd4        0x8 ./L2_Drivers/base/i2c_base.o
                0x00018fd4                I2C_Base::readRegisters(unsigned char, unsigned char, unsigned char*, unsigned long)
 .text._ZN8I2C_Base7readRegEhh
                0x00018fdc       0x1a ./L2_Drivers/base/i2c_base.o
                0x00018fdc                I2C_Base::readReg(unsigned char, unsigned char)
 .text._ZN8I2C_Base14writeRegistersEhhPhm
                0x00018ff6        0x8 ./L2_Drivers/base/i2c_base.o
                0x00018ff6                I2C_Base::writeRegisters(unsigned char, unsigned char, unsigned char*, unsigned long)
 .text._ZN8I2C_Base8writeRegEhhh
                0x00018ffe       0x16 ./L2_Drivers/base/i2c_base.o
                0x00018ffe                I2C_Base::writeReg(unsigned char, unsigned char, unsigned char)
 .text._ZN8I2C_Base19checkDeviceResponseEh
                0x00019014       0x16 ./L2_Drivers/base/i2c_base.o
                0x00019014                I2C_Base::checkDeviceResponse(unsigned char)
 *fill*         0x0001902a        0x2 ff
 .text._ZN8I2C_BaseC2EP15LPC_I2C_TypeDef
                0x0001902c       0x50 ./L2_Drivers/base/i2c_base.o
                0x0001902c                I2C_Base::I2C_Base(LPC_I2C_TypeDef*)
                0x0001902c                I2C_Base::I2C_Base(LPC_I2C_TypeDef*)
 .text._ZN8I2C_Base4initEmm
                0x0001907c       0x90 ./L2_Drivers/base/i2c_base.o
                0x0001907c                I2C_Base::init(unsigned long, unsigned long)
 .text._ZN8I2C_Base15i2cStateMachineEv
                0x0001910c      0x122 ./L2_Drivers/base/i2c_base.o
                0x0001910c                I2C_Base::i2cStateMachine()
 *fill*         0x0001922e        0x2 ff
 .text._ZN8I2C_Base15handleInterruptEv
                0x00019230       0x34 ./L2_Drivers/base/i2c_base.o
                0x00019230                I2C_Base::handleInterrupt()
 .text._ZN7UartDevD2Ev
                0x00019264       0x14 ./L2_Drivers/base/uart_dev.o
                0x00019264                UartDev::~UartDev()
                0x00019264                UartDev::~UartDev()
 .text._ZN7UartDevD0Ev
                0x00019278       0x12 ./L2_Drivers/base/uart_dev.o
                0x00019278                UartDev::~UartDev()
 .text._ZN7UartDev5flushEv
                0x0001928a       0x20 ./L2_Drivers/base/uart_dev.o
                0x0001928a                UartDev::flush()
 .text._ZN7UartDev7putCharEcj
                0x000192aa       0x5a ./L2_Drivers/base/uart_dev.o
                0x000192aa                UartDev::putChar(char, unsigned int)
 .text._ZN7UartDev7getCharEPcj
                0x00019304       0x6e ./L2_Drivers/base/uart_dev.o
                0x00019304                UartDev::getChar(char*, unsigned int)
 *fill*         0x00019372        0x2 ff
 .text._ZN7UartDev11setBaudRateEj
                0x00019374       0x3c ./L2_Drivers/base/uart_dev.o
                0x00019374                UartDev::setBaudRate(unsigned int)
 .text._ZN7UartDev15handleInterruptEv
                0x000193b0       0xc0 ./L2_Drivers/base/uart_dev.o
                0x000193b0                UartDev::handleInterrupt()
 .text._ZN7UartDevC2EPj
                0x00019470       0x28 ./L2_Drivers/base/uart_dev.o
                0x00019470                UartDev::UartDev(unsigned int*)
                0x00019470                UartDev::UartDev(unsigned int*)
 .text._ZN7UartDev4initEjjii
                0x00019498       0xb0 ./L2_Drivers/base/uart_dev.o
                0x00019498                UartDev::init(unsigned int, unsigned int, int, int)
 .text.vListInitialise
                0x00019548       0x16 ./L1_FreeRTOS/src/list.o
                0x00019548                vListInitialise
 .text.vListInitialiseItem
                0x0001955e        0x6 ./L1_FreeRTOS/src/list.o
                0x0001955e                vListInitialiseItem
 .text.vListInsertEnd
                0x00019564       0x18 ./L1_FreeRTOS/src/list.o
                0x00019564                vListInsertEnd
 .text.vListInsert
                0x0001957c       0x30 ./L1_FreeRTOS/src/list.o
                0x0001957c                vListInsert
 .text.uxListRemove
                0x000195ac       0x20 ./L1_FreeRTOS/src/list.o
                0x000195ac                uxListRemove
 .text.prvCopyDataToQueue
                0x000195cc       0x70 ./L1_FreeRTOS/src/queue.o
 .text.prvNotifyQueueSetContainer
                0x0001963c       0x4a ./L1_FreeRTOS/src/queue.o
 .text.prvCopyDataFromQueue
                0x00019686       0x28 ./L1_FreeRTOS/src/queue.o
 .text.prvUnlockQueue
                0x000196ae       0x7c ./L1_FreeRTOS/src/queue.o
 *fill*         0x0001972a        0x2 ff
 .text.xQueueGenericReset
                0x0001972c       0x6c ./L1_FreeRTOS/src/queue.o
                0x0001972c                xQueueGenericReset
 .text.xQueueGenericCreate
                0x00019798       0x32 ./L1_FreeRTOS/src/queue.o
                0x00019798                xQueueGenericCreate
 .text.xQueueCreateCountingSemaphore
                0x000197ca       0x12 ./L1_FreeRTOS/src/queue.o
                0x000197ca                xQueueCreateCountingSemaphore
 .text.xQueueGenericSend
                0x000197dc      0x108 ./L1_FreeRTOS/src/queue.o
                0x000197dc                xQueueGenericSend
 .text.xQueueCreateMutex
                0x000198e4       0x24 ./L1_FreeRTOS/src/queue.o
                0x000198e4                xQueueCreateMutex
 .text.xQueueGenericSendFromISR
                0x00019908       0x7c ./L1_FreeRTOS/src/queue.o
                0x00019908                xQueueGenericSendFromISR
 .text.xQueueGiveFromISR
                0x00019984       0x62 ./L1_FreeRTOS/src/queue.o
                0x00019984                xQueueGiveFromISR
 *fill*         0x000199e6        0x2 ff
 .text.xQueueGenericReceive
                0x000199e8      0x134 ./L1_FreeRTOS/src/queue.o
                0x000199e8                xQueueGenericReceive
 .text.xQueueReceiveFromISR
                0x00019b1c       0x64 ./L1_FreeRTOS/src/queue.o
                0x00019b1c                xQueueReceiveFromISR
 .text.uxQueueMessagesWaiting
                0x00019b80       0x12 ./L1_FreeRTOS/src/queue.o
                0x00019b80                uxQueueMessagesWaiting
 .text.uxQueueMessagesWaitingFromISR
                0x00019b92        0x4 ./L1_FreeRTOS/src/queue.o
                0x00019b92                uxQueueMessagesWaitingFromISR
 .text.xQueueSelectFromSet
                0x00019b96       0x18 ./L1_FreeRTOS/src/queue.o
                0x00019b96                xQueueSelectFromSet
 .text.prvResetRunTimeStatsInList
                0x00019bae       0x32 ./L1_FreeRTOS/src/tasks.o
 .text.prvIdleTask
                0x00019be0       0x28 ./L1_FreeRTOS/src/tasks.o
 .text.prvResetNextTaskUnblockTime
                0x00019c08       0x24 ./L1_FreeRTOS/src/tasks.o
 .text.prvAddCurrentTaskToDelayedList
                0x00019c2c       0x90 ./L1_FreeRTOS/src/tasks.o
 .text.xTaskCreate
                0x00019cbc      0x1a4 ./L1_FreeRTOS/src/tasks.o
                0x00019cbc                xTaskCreate
 .text.eTaskGetState
                0x00019e60       0x54 ./L1_FreeRTOS/src/tasks.o
                0x00019e60                eTaskGetState
 .text.vTaskStartScheduler
                0x00019eb4       0x64 ./L1_FreeRTOS/src/tasks.o
                0x00019eb4                vTaskStartScheduler
 .text.vTaskEndScheduler
                0x00019f18       0x20 ./L1_FreeRTOS/src/tasks.o
                0x00019f18                vTaskEndScheduler
 .text.vTaskSuspendAll
                0x00019f38       0x10 ./L1_FreeRTOS/src/tasks.o
                0x00019f38                vTaskSuspendAll
 .text.xTaskGetTickCount
                0x00019f48        0xc ./L1_FreeRTOS/src/tasks.o
                0x00019f48                xTaskGetTickCount
 .text.xTaskGetTickCountFromISR
                0x00019f54        0xc ./L1_FreeRTOS/src/tasks.o
                0x00019f54                xTaskGetTickCountFromISR
 .text.uxTaskGetNumberOfTasks
                0x00019f60        0xc ./L1_FreeRTOS/src/tasks.o
                0x00019f60                uxTaskGetNumberOfTasks
 .text.xTaskIncrementTick
                0x00019f6c      0x118 ./L1_FreeRTOS/src/tasks.o
                0x00019f6c                xTaskIncrementTick
 .text.xTaskResumeAll
                0x0001a084       0xdc ./L1_FreeRTOS/src/tasks.o
                0x0001a084                xTaskResumeAll
 .text.vTaskDelayUntil
                0x0001a160       0x58 ./L1_FreeRTOS/src/tasks.o
                0x0001a160                vTaskDelayUntil
 .text.vTaskDelay
                0x0001a1b8       0x30 ./L1_FreeRTOS/src/tasks.o
                0x0001a1b8                vTaskDelay
 .text.vTaskSwitchContext
                0x0001a1e8       0xb8 ./L1_FreeRTOS/src/tasks.o
                0x0001a1e8                vTaskSwitchContext
 .text.vTaskSuspend
                0x0001a2a0       0xb4 ./L1_FreeRTOS/src/tasks.o
                0x0001a2a0                vTaskSuspend
 .text.vTaskPlaceOnEventList
                0x0001a354       0x20 ./L1_FreeRTOS/src/tasks.o
                0x0001a354                vTaskPlaceOnEventList
 .text.xTaskRemoveFromEventList
                0x0001a374       0x70 ./L1_FreeRTOS/src/tasks.o
                0x0001a374                xTaskRemoveFromEventList
 .text.vTaskSetTimeOutState
                0x0001a3e4       0x18 ./L1_FreeRTOS/src/tasks.o
                0x0001a3e4                vTaskSetTimeOutState
 .text.xTaskCheckForTimeOut
                0x0001a3fc       0x4c ./L1_FreeRTOS/src/tasks.o
                0x0001a3fc                xTaskCheckForTimeOut
 .text.vTaskMissedYield
                0x0001a448        0xc ./L1_FreeRTOS/src/tasks.o
                0x0001a448                vTaskMissedYield
 .text.vTaskGetInfo
                0x0001a454       0x80 ./L1_FreeRTOS/src/tasks.o
                0x0001a454                vTaskGetInfo
 .text.prvListTasksWithinSingleList
                0x0001a4d4       0x5e ./L1_FreeRTOS/src/tasks.o
 *fill*         0x0001a532        0x2 ff
 .text.uxTaskGetSystemState
                0x0001a534       0x9c ./L1_FreeRTOS/src/tasks.o
                0x0001a534                uxTaskGetSystemState
 .text.uxTaskGetStackHighWaterMark
                0x0001a5d0       0x20 ./L1_FreeRTOS/src/tasks.o
                0x0001a5d0                uxTaskGetStackHighWaterMark
 .text.xTaskGetSchedulerState
                0x0001a5f0       0x20 ./L1_FreeRTOS/src/tasks.o
                0x0001a5f0                xTaskGetSchedulerState
 .text.vTaskPriorityInherit
                0x0001a610       0x94 ./L1_FreeRTOS/src/tasks.o
                0x0001a610                vTaskPriorityInherit
 .text.xTaskPriorityDisinherit
                0x0001a6a4       0x70 ./L1_FreeRTOS/src/tasks.o
                0x0001a6a4                xTaskPriorityDisinherit
 .text.pvTaskIncrementMutexHeldCount
                0x0001a714       0x18 ./L1_FreeRTOS/src/tasks.o
                0x0001a714                pvTaskIncrementMutexHeldCount
 .text.vTaskResetRunTimeStats
                0x0001a72c       0x70 ./L1_FreeRTOS/src/tasks.o
                0x0001a72c                vTaskResetRunTimeStats
 .text.vRunTimeStatIsrEntry
                0x0001a79c       0x28 ./L1_FreeRTOS/src/tasks.o
                0x0001a79c                vRunTimeStatIsrEntry
 .text.vRunTimeStatIsrExit
                0x0001a7c4       0x10 ./L1_FreeRTOS/src/tasks.o
                0x0001a7c4                vRunTimeStatIsrExit
 .text.prvTaskExitError
                0x0001a7d4       0x12 ./L1_FreeRTOS/portable/no_mpu/port.o
 *fill*         0x0001a7e6        0x2 ff
 .text.prvPortStartFirstTask
                0x0001a7e8       0x20 ./L1_FreeRTOS/portable/no_mpu/port.o
 .text.pxPortInitialiseStack
                0x0001a808       0x24 ./L1_FreeRTOS/portable/no_mpu/port.o
                0x0001a808                pxPortInitialiseStack
 *fill*         0x0001a82c        0x4 ff
 .text.vPortSVCHandler
                0x0001a830       0x24 ./L1_FreeRTOS/portable/no_mpu/port.o
                0x0001a830                vPortSVCHandler
 .text.vPortEndScheduler
                0x0001a854        0x2 ./L1_FreeRTOS/portable/no_mpu/port.o
                0x0001a854                vPortEndScheduler
 *fill*         0x0001a856        0x2 ff
 .text.vPortEnterCritical
                0x0001a858       0x20 ./L1_FreeRTOS/portable/no_mpu/port.o
                0x0001a858                vPortEnterCritical
 .text.vPortExitCritical
                0x0001a878       0x14 ./L1_FreeRTOS/portable/no_mpu/port.o
                0x0001a878                vPortExitCritical
 *fill*         0x0001a88c        0x4 ff
 .text.xPortPendSVHandler
                0x0001a890       0x44 ./L1_FreeRTOS/portable/no_mpu/port.o
                0x0001a890                xPortPendSVHandler
 .text.xPortSysTickHandler
                0x0001a8d4       0x2c ./L1_FreeRTOS/portable/no_mpu/port.o
                0x0001a8d4                xPortSysTickHandler
 .text.vPortSetupTimerInterrupt
                0x0001a900       0x14 ./L1_FreeRTOS/portable/no_mpu/port.o
                0x0001a900                vPortSetupTimerInterrupt
 .text.xPortStartScheduler
                0x0001a914       0x30 ./L1_FreeRTOS/portable/no_mpu/port.o
                0x0001a914                xPortStartScheduler
 .text.rts_not_full_trace_init
                0x0001a944       0x14 ./L1_FreeRTOS/portable/run_time_stats.o
                0x0001a944                rts_not_full_trace_init
 .text.rts_not_full_trace_get
                0x0001a958       0x14 ./L1_FreeRTOS/portable/run_time_stats.o
                0x0001a958                rts_not_full_trace_get
 .text.rts_not_full_trace_reset
                0x0001a96c       0x14 ./L1_FreeRTOS/portable/run_time_stats.o
                0x0001a96c                rts_not_full_trace_reset
 .text.vApplicationIdleHook
                0x0001a980        0x4 ./L1_FreeRTOS/hooks/hooks.o
                0x0001a980                vApplicationIdleHook
 .text.vApplicationStackOverflowHook
                0x0001a984       0x38 ./L1_FreeRTOS/hooks/hooks.o
                0x0001a984                vApplicationStackOverflowHook
 .text.vApplicationMallocFailedHook
                0x0001a9bc       0x24 ./L1_FreeRTOS/hooks/hooks.o
                0x0001a9bc                vApplicationMallocFailedHook
 .text.pvPortMalloc
                0x0001a9e0       0x1e ./L1_FreeRTOS/MemMang/freertos_mem_man.o
                0x0001a9e0                pvPortMalloc
 .text.vPortFree
                0x0001a9fe       0x1a ./L1_FreeRTOS/MemMang/freertos_mem_man.o
                0x0001a9fe                vPortFree
 .text.__set_PSP
                0x0001aa18        0x6 ./L0_LowLevel/source/core_cm3.o
                0x0001aa18                __set_PSP
 .text.__set_MSP
                0x0001aa1e        0x6 ./L0_LowLevel/source/core_cm3.o
                0x0001aa1e                __set_MSP
 .text.__set_BASEPRI
                0x0001aa24        0x6 ./L0_LowLevel/source/core_cm3.o
                0x0001aa24                __set_BASEPRI
 *fill*         0x0001aa2a        0x2 ff
 .text.sys_get_boot_type
                0x0001aa2c        0xc ./L0_LowLevel/source/low_level_init.o
                0x0001aa2c                sys_get_boot_type
 .text.sys_get_boot_time
                0x0001aa38       0x14 ./L0_LowLevel/source/low_level_init.o
                0x0001aa38                sys_get_boot_time
 .text._Z14low_level_initv
                0x0001aa4c      0x238 ./L0_LowLevel/source/low_level_init.o
                0x0001aa4c                low_level_init()
 .text.lpc_pconp
                0x0001ac84       0x30 ./L0_LowLevel/source/lpc_peripherals.o
                0x0001ac84                lpc_pconp
 .text.lpc_pclk
                0x0001acb4       0x48 ./L0_LowLevel/source/lpc_peripherals.o
                0x0001acb4                lpc_pclk
 .text.lpc_sys_setup_system_timer
                0x0001acfc       0x54 ./L0_LowLevel/source/lpc_sys.o
                0x0001acfc                lpc_sys_setup_system_timer
 .text.sys_get_uptime_us
                0x0001ad50       0x2c ./L0_LowLevel/source/lpc_sys.o
                0x0001ad50                sys_get_uptime_us
 .text.sys_get_mem_info_str
                0x0001ad7c       0x38 ./L0_LowLevel/source/lpc_sys.o
                0x0001ad7c                sys_get_mem_info_str
 .text.TIMER1_IRQHandler
                0x0001adb4       0xbc ./L0_LowLevel/source/lpc_sys.o
                0x0001adb4                TIMER1_IRQHandler
 .text.isr_forwarder_routine
                0x0001ae70       0x3c ./L0_LowLevel/source/startup.o
 .text.isr_hard_fault_handler
                0x0001aeac       0x58 ./L0_LowLevel/source/startup.o
                0x0001aeac                isr_hard_fault_handler
 .text._ZL19sys_clock_pll0_feedv
                0x0001af04       0x14 ./L0_LowLevel/source/sys_clock.o
 .text._ZL23sys_clock_configure_plljjPiS_S_.constprop.0
                0x0001af18       0x78 ./L0_LowLevel/source/sys_clock.o
 .text._Z19sys_clock_configurev
                0x0001af90       0xb4 ./L0_LowLevel/source/sys_clock.o
                0x0001af90                sys_clock_configure()
 .text.sys_get_cpu_clock
                0x0001b044       0xa4 ./L0_LowLevel/source/sys_clock.o
                0x0001b044                sys_get_cpu_clock
 .text.uart0_init
                0x0001b0e8       0x60 ./L0_LowLevel/source/uart0_min.o
                0x0001b0e8                uart0_init
 .text.uart0_getchar
                0x0001b148       0x18 ./L0_LowLevel/source/uart0_min.o
                0x0001b148                uart0_getchar
 .text.uart0_putchar
                0x0001b160       0x18 ./L0_LowLevel/source/uart0_min.o
                0x0001b160                uart0_putchar
 .text.uart0_puts
                0x0001b178       0x1a ./L0_LowLevel/source/uart0_min.o
                0x0001b178                uart0_puts
 *fill*         0x0001b192        0x2 ff
 .text._ZN10__cxxabiv120__si_class_type_infoD2Ev
                0x0001b194       0x14 c:/sjsu_dev/toolchain/bin/../lib/gcc/arm-none-eabi/5.4.1/../../../../arm-none-eabi/lib/armv7-m\libstdc++_nano.a(si_class_type_info.o)
                0x0001b194                __cxxabiv1::__si_class_type_info::~__si_class_type_info()
                0x0001b194                __cxxabiv1::__si_class_type_info::~__si_class_type_info()
 .text._ZN10__cxxabiv120__si_class_type_infoD0Ev
                0x0001b1a8       0x12 c:/sjsu_dev/toolchain/bin/../lib/gcc/arm-none-eabi/5.4.1/../../../../arm-none-eabi/lib/armv7-m\libstdc++_nano.a(si_class_type_info.o)
                0x0001b1a8                __cxxabiv1::__si_class_type_info::~__si_class_type_info()
 .text._ZNK10__cxxabiv120__si_class_type_info12__do_dyncastEiNS_17__class_type_info10__sub_kindEPKS1_PKvS4_S6_RNS1_16__dyncast_resultE
                0x0001b1ba       0x7c c:/sjsu_dev/toolchain/bin/../lib/gcc/arm-none-eabi/5.4.1/../../../../arm-none-eabi/lib/armv7-m\libstdc++_nano.a(si_class_type_info.o)
                0x0001b1ba                __cxxabiv1::__si_class_type_info::__do_dyncast(int, __cxxabiv1::__class_type_info::__sub_kind, __cxxabiv1::__class_type_info const*, void const*, __cxxabiv1::__class_type_info const*, void const*, __cxxabiv1::__class_type_info::__dyncast_result&) const
 .text._ZNK10__cxxabiv120__si_class_type_info20__do_find_public_srcEiPKvPKNS_17__class_type_infoES2_
                0x0001b236       0x38 c:/sjsu_dev/toolchain/bin/../lib/gcc/arm-none-eabi/5.4.1/../../../../arm-none-eabi/lib/armv7-m\libstdc++_nano.a(si_class_type_info.o)
                0x0001b236                __cxxabiv1::__si_class_type_info::__do_find_public_src(int, void const*, __cxxabiv1::__class_type_info const*, void const*) const
 .text._ZNK10__cxxabiv120__si_class_type_info11__do_upcastEPKNS_17__class_type_infoEPKvRNS1_15__upcast_resultE
                0x0001b26e       0x2a c:/sjsu_dev/toolchain/bin/../lib/gcc/arm-none-eabi/5.4.1/../../../../arm-none-eabi/lib/armv7-m\libstdc++_nano.a(si_class_type_info.o)
                0x0001b26e                __cxxabiv1::__si_class_type_info::__do_upcast(__cxxabiv1::__class_type_info const*, void const*, __cxxabiv1::__class_type_info::__upcast_result&) const
 .text._ZN10__cxxabiv121__vmi_class_type_infoD2Ev
                0x0001b298       0x14 c:/sjsu_dev/toolchain/bin/../lib/gcc/arm-none-eabi/5.4.1/../../../../arm-none-eabi/lib/armv7-m\libstdc++_nano.a(vmi_class_type_info.o)
                0x0001b298                __cxxabiv1::__vmi_class_type_info::~__vmi_class_type_info()
                0x0001b298                __cxxabiv1::__vmi_class_type_info::~__vmi_class_type_info()
 .text._ZN10__cxxabiv121__vmi_class_type_infoD0Ev
                0x0001b2ac       0x12 c:/sjsu_dev/toolchain/bin/../lib/gcc/arm-none-eabi/5.4.1/../../../../arm-none-eabi/lib/armv7-m\libstdc++_nano.a(vmi_class_type_info.o)
                0x0001b2ac                __cxxabiv1::__vmi_class_type_info::~__vmi_class_type_info()
 .text._ZNK10__cxxabiv121__vmi_class_type_info20__do_find_public_srcEiPKvPKNS_17__class_type_infoES2_
                0x0001b2be       0x74 c:/sjsu_dev/toolchain/bin/../lib/gcc/arm-none-eabi/5.4.1/../../../../arm-none-eabi/lib/armv7-m\libstdc++_nano.a(vmi_class_type_info.o)
                0x0001b2be                __cxxabiv1::__vmi_class_type_info::__do_find_public_src(int, void const*, __cxxabiv1::__class_type_info const*, void const*) const
 .text._ZNK10__cxxabiv117__class_type_info17__find_public_srcEiPKvPKS0_S2_
                0x0001b332       0x2a c:/sjsu_dev/toolchain/bin/../lib/gcc/arm-none-eabi/5.4.1/../../../../arm-none-eabi/lib/armv7-m\libstdc++_nano.a(vmi_class_type_info.o)
                0x0001b332                __cxxabiv1::__class_type_info::__find_public_src(int, void const*, __cxxabiv1::__class_type_info const*, void const*) const
 .text._ZNK10__cxxabiv121__vmi_class_type_info12__do_dyncastEiNS_17__class_type_info10__sub_kindEPKS1_PKvS4_S6_RNS1_16__dyncast_resultE
                0x0001b35c      0x28e c:/sjsu_dev/toolchain/bin/../lib/gcc/arm-none-eabi/5.4.1/../../../../arm-none-eabi/lib/armv7-m\libstdc++_nano.a(vmi_class_type_info.o)
                0x0001b35c                __cxxabiv1::__vmi_class_type_info::__do_dyncast(int, __cxxabiv1::__class_type_info::__sub_kind, __cxxabiv1::__class_type_info const*, void const*, __cxxabiv1::__class_type_info const*, void const*, __cxxabiv1::__class_type_info::__dyncast_result&) const
 .text._ZNK10__cxxabiv121__vmi_class_type_info11__do_upcastEPKNS_17__class_type_infoEPKvRNS1_15__upcast_resultE
                0x0001b5ea      0x12c c:/sjsu_dev/toolchain/bin/../lib/gcc/arm-none-eabi/5.4.1/../../../../arm-none-eabi/lib/armv7-m\libstdc++_nano.a(vmi_class_type_info.o)
                0x0001b5ea                __cxxabiv1::__vmi_class_type_info::__do_upcast(__cxxabiv1::__class_type_info const*, void const*, __cxxabiv1::__class_type_info::__upcast_result&) const
 .text._ZNSt9type_infoD2Ev
                0x0001b716        0x2 c:/sjsu_dev/toolchain/bin/../lib/gcc/arm-none-eabi/5.4.1/../../../../arm-none-eabi/lib/armv7-m\libstdc++_nano.a(tinfo.o)
                0x0001b716                std::type_info::~type_info()
                0x0001b716                std::type_info::~type_info()
 .text._ZNKSt9type_info15__is_function_pEv
                0x0001b718        0x4 c:/sjsu_dev/toolchain/bin/../lib/gcc/arm-none-eabi/5.4.1/../../../../arm-none-eabi/lib/armv7-m\libstdc++_nano.a(tinfo.o)
                0x0001b718                std::type_info::__is_pointer_p() const
                0x0001b718                std::type_info::__is_function_p() const
 .text._ZNKSt9type_infoeqERKS_
                0x0001b71c       0x2c c:/sjsu_dev/toolchain/bin/../lib/gcc/arm-none-eabi/5.4.1/../../../../arm-none-eabi/lib/armv7-m\libstdc++_nano.a(tinfo.o)
                0x0001b71c                std::type_info::operator==(std::type_info const&) const
 .text._ZNK10__cxxabiv117__class_type_info11__do_upcastEPKS0_PPv
                0x0001b748       0x34 c:/sjsu_dev/toolchain/bin/../lib/gcc/arm-none-eabi/5.4.1/../../../../arm-none-eabi/lib/armv7-m\libstdc++_nano.a(class_type_info.o)
                0x0001b748                __cxxabiv1::__class_type_info::__do_upcast(__cxxabiv1::__class_type_info const*, void**) const
 .text._ZNK10__cxxabiv117__class_type_info20__do_find_public_srcEiPKvPKS0_S2_
                0x0001b77c        0xc c:/sjsu_dev/toolchain/bin/../lib/gcc/arm-none-eabi/5.4.1/../../../../arm-none-eabi/lib/armv7-m\libstdc++_nano.a(class_type_info.o)
                0x0001b77c                __cxxabiv1::__class_type_info::__do_find_public_src(int, void const*, __cxxabiv1::__class_type_info const*, void const*) const
 .text._ZN10__cxxabiv117__class_type_infoD2Ev
                0x0001b788       0x14 c:/sjsu_dev/toolchain/bin/../lib/gcc/arm-none-eabi/5.4.1/../../../../arm-none-eabi/lib/armv7-m\libstdc++_nano.a(class_type_info.o)
                0x0001b788                __cxxabiv1::__class_type_info::~__class_type_info()
                0x0001b788                __cxxabiv1::__class_type_info::~__class_type_info()
 .text._ZN10__cxxabiv117__class_type_infoD0Ev
                0x0001b79c       0x12 c:/sjsu_dev/toolchain/bin/../lib/gcc/arm-none-eabi/5.4.1/../../../../arm-none-eabi/lib/armv7-m\libstdc++_nano.a(class_type_info.o)
                0x0001b79c                __cxxabiv1::__class_type_info::~__class_type_info()
 .text._ZNK10__cxxabiv117__class_type_info11__do_upcastEPKS0_PKvRNS0_15__upcast_resultE
                0x0001b7ae       0x18 c:/sjsu_dev/toolchain/bin/../lib/gcc/arm-none-eabi/5.4.1/../../../../arm-none-eabi/lib/armv7-m\libstdc++_nano.a(class_type_info.o)
                0x0001b7ae                __cxxabiv1::__class_type_info::__do_upcast(__cxxabiv1::__class_type_info const*, void const*, __cxxabiv1::__class_type_info::__upcast_result&) const
 .text._ZNK10__cxxabiv117__class_type_info12__do_dyncastEiNS0_10__sub_kindEPKS0_PKvS3_S5_RNS0_16__dyncast_resultE